Archive member included to satisfy reference by file (symbol)

app/libapp.a(main.c.obj)      (--whole-archive)
app/libapp.a(mentra_ble_service.c.obj)
                              (--whole-archive)
app/libapp.a(protobuf_handler.c.obj)
                              (--whole-archive)
app/libapp.a(mentraos_ble.pb.c.obj)
                              (--whole-archive)
zephyr/libzephyr.a(crc32c_sw.c.obj)
                              (--whole-archive)
zephyr/libzephyr.a(crc32_sw.c.obj)
                              (--whole-archive)
zephyr/libzephyr.a(crc24_sw.c.obj)
                              (--whole-archive)
zephyr/libzephyr.a(crc16_sw.c.obj)
                              (--whole-archive)
zephyr/libzephyr.a(crc8_sw.c.obj)
                              (--whole-archive)
zephyr/libzephyr.a(crc7_sw.c.obj)
                              (--whole-archive)
zephyr/libzephyr.a(crc4_sw.c.obj)
                              (--whole-archive)
zephyr/libzephyr.a(heap.c.obj)
                              (--whole-archive)
zephyr/libzephyr.a(cbprintf_packaged.c.obj)
                              (--whole-archive)
zephyr/libzephyr.a(printk.c.obj)
                              (--whole-archive)
zephyr/libzephyr.a(sem.c.obj)
                              (--whole-archive)
zephyr/libzephyr.a(thread_entry.c.obj)
                              (--whole-archive)
zephyr/libzephyr.a(cbprintf_complete.c.obj)
                              (--whole-archive)
zephyr/libzephyr.a(assert.c.obj)
                              (--whole-archive)
zephyr/libzephyr.a(mpsc_pbuf.c.obj)
                              (--whole-archive)
zephyr/libzephyr.a(dec.c.obj)
                              (--whole-archive)
zephyr/libzephyr.a(hex.c.obj)
                              (--whole-archive)
zephyr/libzephyr.a(rb.c.obj)  (--whole-archive)
zephyr/libzephyr.a(timeutil.c.obj)
                              (--whole-archive)
zephyr/libzephyr.a(bitarray.c.obj)
                              (--whole-archive)
zephyr/libzephyr.a(onoff.c.obj)
                              (--whole-archive)
zephyr/libzephyr.a(notify.c.obj)
                              (--whole-archive)
zephyr/libzephyr.a(last_section_id.c.obj)
                              (--whole-archive)
zephyr/libzephyr.a(configs.c.obj)
                              (--whole-archive)
zephyr/libzephyr.a(nvs.c.obj)
                              (--whole-archive)
zephyr/libzephyr.a(ipc_service.c.obj)
                              (--whole-archive)
zephyr/libzephyr.a(ipc_rpmsg_static_vrings.c.obj)
                              (--whole-archive)
zephyr/libzephyr.a(ipc_rpmsg.c.obj)
                              (--whole-archive)
zephyr/libzephyr.a(ipc_static_vrings.c.obj)
                              (--whole-archive)
zephyr/libzephyr.a(log_core.c.obj)
                              (--whole-archive)
zephyr/libzephyr.a(log_mgmt.c.obj)
                              (--whole-archive)
zephyr/libzephyr.a(log_cache.c.obj)
                              (--whole-archive)
zephyr/libzephyr.a(log_msg.c.obj)
                              (--whole-archive)
zephyr/libzephyr.a(log_output.c.obj)
                              (--whole-archive)
zephyr/libzephyr.a(log_backend_rtt.c.obj)
                              (--whole-archive)
zephyr/libzephyr.a(mem_attr.c.obj)
                              (--whole-archive)
zephyr/libzephyr.a(flash_map.c.obj)
                              (--whole-archive)
zephyr/libzephyr.a(flash_map_layout.c.obj)
                              (--whole-archive)
zephyr/libzephyr.a(tracing_none.c.obj)
                              (--whole-archive)
zephyr/libzephyr.a(settings_store.c.obj)
                              (--whole-archive)
zephyr/libzephyr.a(settings.c.obj)
                              (--whole-archive)
zephyr/libzephyr.a(settings_init.c.obj)
                              (--whole-archive)
zephyr/libzephyr.a(settings_line.c.obj)
                              (--whole-archive)
zephyr/libzephyr.a(settings_nvs.c.obj)
                              (--whole-archive)
zephyr/libzephyr.a(flash_util.c.obj)
                              (--whole-archive)
zephyr/libzephyr.a(banner.c.obj)
                              (--whole-archive)
zephyr/libzephyr.a(hci_vs_sdc.c.obj)
                              (--whole-archive)
zephyr/libzephyr.a(host_extensions.c.obj)
                              (--whole-archive)
zephyr/libzephyr.a(flash_map_partition_manager.c.obj)
                              (--whole-archive)
zephyr/arch/common/libarch__common.a(sw_isr_common.c.obj)
                              (--whole-archive)
zephyr/arch/arch/arm/core/libarch__arm__core.a(fatal.c.obj)
                              (--whole-archive)
zephyr/arch/arch/arm/core/libarch__arm__core.a(nmi.c.obj)
                              (--whole-archive)
zephyr/arch/arch/arm/core/libarch__arm__core.a(nmi_on_reset.S.obj)
                              (--whole-archive)
zephyr/arch/arch/arm/core/libarch__arm__core.a(tls.c.obj)
[...]
Memory Configuration

Name             Origin             Length             Attributes
FLASH            0x0000000000008000 0x00000000000f4000 xr
RAM              0x0000000020008000 0x0000000000068000 xw
IDT_LIST         0x00000000ffff7fff 0x0000000000008000 xw
*default*        0x0000000000000000 0xffffffffffffffff

Linker script and memory map

                0x0000000000022828                vfprintf = __l_vfprintf
                0x0000000000000000                vfscanf = __l_vfscanf
LOAD zephyr/CMakeFiles/zephyr_final.dir/misc/empty_file.c.obj
LOAD zephyr/CMakeFiles/zephyr_final.dir/isr_tables.c.obj
LOAD zephyr/CMakeFiles/offsets.dir/./arch/arm/core/offsets/offsets.c.obj
LOAD tfm/api_ns/interface/lib/s_veneers.o
LOAD app/libapp.a
LOAD zephyr/libzephyr.a
LOAD zephyr/arch/common/libarch__common.a
LOAD zephyr/arch/arch/arm/core/libarch__arm__core.a
LOAD zephyr/arch/arch/arm/core/cortex_m/libarch__arm__core__cortex_m.a
LOAD zephyr/arch/arch/arm/core/cortex_m/cmse/libarch__arm__core__cortex_m__cmse.a
LOAD zephyr/arch/arch/arm/core/mpu/libarch__arm__core__mpu.a
LOAD zephyr/lib/libc/picolibc/liblib__libc__picolibc.a
LOAD zephyr/lib/libc/common/liblib__libc__common.a
LOAD zephyr/lib/net_buf/liblib__net_buf.a
LOAD zephyr/soc/soc/nrf5340/libsoc__nordic.a
LOAD zephyr/subsys/random/libsubsys__random.a
LOAD zephyr/subsys/bluetooth/common/libsubsys__bluetooth__common.a
LOAD zephyr/subsys/bluetooth/host/libsubsys__bluetooth__host.a
LOAD zephyr/subsys/bluetooth/crypto/libsubsys__bluetooth__crypto.a
LOAD zephyr/drivers/bluetooth/libdrivers__bluetooth.a
LOAD zephyr/drivers/clock_control/libdrivers__clock_control.a
LOAD zephyr/drivers/console/libdrivers__console.a
LOAD zephyr/drivers/entropy/libdrivers__entropy.a
LOAD zephyr/drivers/flash/libdrivers__flash.a
LOAD zephyr/drivers/gpio/libdrivers__gpio.a
LOAD zephyr/drivers/mbox/libdrivers__mbox.a
LOAD zephyr/drivers/pinctrl/libdrivers__pinctrl.a
LOAD zephyr/drivers/serial/libdrivers__serial.a
LOAD zephyr/drivers/timer/libdrivers__timer.a
LOAD modules/nrf/lib/dk_buttons_and_leds/lib..__nrf__lib__dk_buttons_and_leds.a
LOAD modules/nrf/subsys/nrf_security/src/zephyr/libmbedtls_zephyr.a
LOAD modules/nrf/modules/trusted-firmware-m/lib..__nrf__modules__trusted-firmware-m.a
LOAD modules/nrf/modules/trusted-firmware-m/libtfm_api_nrf.a
LOAD modules/trusted-firmware-m/libtfm_api.a
LOAD modules/nanopb/libmodules__nanopb.a
LOAD modules/hal_nordic/modules/hal_nordic/nrfx/libmodules__hal_nordic__nrfx.a
LOAD modules/libmetal/libmetal/lib/libmetal.a
LOAD modules/open-amp/open-amp/lib/libopen_amp.a
LOAD modules/segger/libmodules__segger.a
LOAD zephyr/kernel/libkernel.a
LOAD zephyr/arch/common/libisr_tables.a
LOAD modules/nrf/subsys/nrf_security/src/libmbedcrypto.a
LOAD modules/nrf/subsys/nrf_security/src/libmbedcrypto_base.a
LOAD modules/nrf/subsys/nrf_security/src/libnrf_security_utils.a
LOAD zephyr/kernel/libkernel.a
LOAD /opt/nordic/ncs/v3.0.0/nrfxlib/crypto/nrf_oberon/lib/cortex-m33/soft-float/liboberon_mbedtls_3.0.16.a
LOAD /opt/nordic/ncs/v3.0.0/nrfxlib/crypto/nrf_oberon/lib/cortex-m33/soft-float/liboberon_3.0.16.a
LOAD /opt/nordic/ncs/toolchains/ef4fc6722e/opt/zephyr-sdk/arm-zephyr-eabi/bin/../lib/gcc/../../picolibc/arm-zephyr-eabi/lib/thumb/v8-m.main/nofp/libc.a
LOAD /opt/nordic/ncs/toolchains/ef4fc6722e/opt/zephyr-sdk/arm-zephyr-eabi/bin/../lib/gcc/arm-zephyr-eabi/12.2.0/thumb/v8-m.main/nofp/libgcc.a
                0x0000000000000020                _region_min_align = 0x20

.rel.plt        0x0000000000008000        0x0
 *(SORT_BY_ALIGNMENT(.rel.plt))
                [!provide]                        PROVIDE (__rel_iplt_start = .)
 *(SORT_BY_ALIGNMENT(.rel.iplt))
 .rel.iplt      0x0000000000008000        0x0 zephyr/CMakeFiles/zephyr_final.dir/isr_tables.c.obj
                [!provide]                        PROVIDE (__rel_iplt_end = .)

.rela.plt       0x0000000000000000        0x0
 *(SORT_BY_ALIGNMENT(.rela.plt))
                [!provide]                        PROVIDE (__rela_iplt_start = .)
 *(SORT_BY_ALIGNMENT(.rela.iplt))
                [!provide]                        PROVIDE (__rela_iplt_end = .)

.rel.dyn
 *(SORT_BY_ALIGNMENT(.rel.*))

.rela.dyn
 *(SORT_BY_ALIGNMENT(.rela.*))

/DISCARD/
 *(SORT_BY_ALIGNMENT(.plt))

/DISCARD/
 *(SORT_BY_ALIGNMENT(.iplt))
                0x0000000000008000                __rom_region_start = 0x8000

rom_start       0x0000000000008000      0x154
                0x0000000000008000                __rom_start_address = .
 FILL mask 0x00
                0x0000000000008000                . = (. + (0x0 - (. - __rom_start_address)))
                0x0000000000008000                . = ALIGN (0x4)
                0x0000000000008000                . = ALIGN (0x80)
                0x0000000000008000                . = ALIGN (0x200)
                0x0000000000008000                _vector_start = .
 *(SORT_BY_ALIGNMENT(.exc_vector_table))
 *(SORT_BY_ALIGNMENT(.exc_vector_table.*))
 .exc_vector_table._vector_table_section
                0x0000000000008000       0x40 zephyr/arch/arch/arm/core/cortex_m/libarch__arm__core__cortex_m.a(vector_table.S.obj)
                0x0000000000008000                _vector_table
 *(SORT_BY_ALIGNMENT(.vectors))
                0x0000000000008154                _vector_end = .
                0x0000000000008040                . = ALIGN (0x4)
 *(SORT_BY_ALIGNMENT(.gnu.linkonce.irq_vector_table*))
 .gnu.linkonce.irq_vector_table
                0x0000000000008040      0x114 zephyr/CMakeFiles/zephyr_final.dir/isr_tables.c.obj
                0x0000000000008040                _irq_vector_table
                0x0000000000008154                _vector_end = .

text            0x0000000000008158    0x2046c
                0x0000000000008158                __text_region_start = .
 *(SORT_BY_ALIGNMENT(.text))
 .text          0x0000000000008158       0x30 /opt/nordic/ncs/toolchains/ef4fc6722e/opt/zephyr-sdk/arm-zephyr-eabi/bin/../lib/gcc/arm-zephyr-eabi/12.2.0/thumb/v8-m.main/nofp/libgcc.a(_aeabi_uldivmod.o)
                0x0000000000008158                __aeabi_uldivmod
 .text          0x0000000000008188        0x4 /opt/nordic/ncs/toolchains/ef4fc6722e/opt/zephyr-sdk/arm-zephyr-eabi/bin/../lib/gcc/arm-zephyr-eabi/12.2.0/thumb/v8-m.main/nofp/libgcc.a(_dvmd_tls.o)
                0x0000000000008188                __aeabi_ldiv0
                0x0000000000008188                __aeabi_idiv0
 .text          0x000000000000818c       0x14 /opt/nordic/ncs/toolchains/ef4fc6722e/opt/zephyr-sdk/arm-zephyr-eabi/bin/../lib/gcc/../../picolibc/arm-zephyr-eabi/lib/thumb/v8-m.main/nofp/libc.a(strcmp.S.o)
                0x000000000000818c                strcmp
 .text          0x00000000000081a0       0x10 /opt/nordic/ncs/toolchains/ef4fc6722e/opt/zephyr-sdk/arm-zephyr-eabi/bin/../lib/gcc/../../picolibc/arm-zephyr-eabi/lib/thumb/v8-m.main/nofp/libc.a(strcpy.S.o)
                0x00000000000081a0                strcpy
 .text          0x00000000000081b0       0x10 /opt/nordic/ncs/toolchains/ef4fc6722e/opt/zephyr-sdk/arm-zephyr-eabi/bin/../lib/gcc/../../picolibc/arm-zephyr-eabi/lib/thumb/v8-m.main/nofp/libc.a(strlen.S.o)
                0x00000000000081b0                strlen
 .text          0x00000000000081c0      0x29c /opt/nordic/ncs/toolchains/ef4fc6722e/opt/zephyr-sdk/arm-zephyr-eabi/bin/../lib/gcc/arm-zephyr-eabi/12.2.0/thumb/v8-m.main/nofp/libgcc.a(_udivmoddi4.o)
                0x00000000000081c0                __udivmoddi4
 *(SORT_BY_ALIGNMENT(.text.*))
 *fill*         0x000000000000845c        0x4 
 .text.bt_init  0x0000000000008460      0x574 zephyr/subsys/bluetooth/host/libsubsys__bluetooth__host.a(hci_core.c.obj)
 .text.uart_work_handler.part.0
                0x00000000000089d4       0x28 app/libapp.a(main.c.obj)
 .text.adv_work_handler
                0x00000000000089fc      0x158 app/libapp.a(main.c.obj)
 .text.uart_work_handler
                0x0000000000008b54       0x28 app/libapp.a(main.c.obj)
 .text.bt_addr_le_to_str.constprop.0.isra.0
                0x0000000000008b7c       0x78 app/libapp.a(main.c.obj)
 .text.security_changed
                0x0000000000008bf4       0x8c app/libapp.a(main.c.obj)
 .text.pairing_failed
                0x0000000000008c80       0x50 app/libapp.a(main.c.obj)
 .text.pairing_complete
                0x0000000000008cd0       0x48 app/libapp.a(main.c.obj)
 .text.auth_passkey_display
                0x0000000000008d18       0x48 app/libapp.a(main.c.obj)
 .text.disconnected
                0x0000000000008d60       0x80 app/libapp.a(main.c.obj)
 .text.auth_passkey_confirm
                0x0000000000008de0       0x6c app/libapp.a(main.c.obj)
 .text.connected
                0x0000000000008e4c       0x94 app/libapp.a(main.c.obj)
 .text.auth_cancel
                0x0000000000008ee0       0x44 app/libapp.a(main.c.obj)
 .text.bt_receive_cb
                0x0000000000008f24      0x144 app/libapp.a(main.c.obj)
 .text.uart_cb  0x0000000000009068      0x16c app/libapp.a(main.c.obj)
 .text.ble_write_thread
                0x00000000000091d4       0xcc app/libapp.a(main.c.obj)
                0x00000000000091d4                ble_write_thread
 .text.recycled_cb
                0x00000000000092a0       0x24 app/libapp.a(main.c.obj)
 .text.button_changed
                0x00000000000092c4       0x8c app/libapp.a(main.c.obj)
                0x00000000000092c4                button_changed
 .text.main     0x0000000000009350      0x194 app/libapp.a(main.c.obj)
                0x0000000000009350                main
 .text.write_tx_char
                0x00000000000094e4       0x5c app/libapp.a(mentra_ble_service.c.obj)
 .text.rx_ccc_cfg_changed
                0x0000000000009540       0x48 app/libapp.a(mentra_ble_service.c.obj)
 .text.mentra_ble_init
                0x0000000000009588       0x10 app/libapp.a(mentra_ble_service.c.obj)
                0x0000000000009588                mentra_ble_init
 .text.mentra_ble_send
                0x0000000000009598       0x5c app/libapp.a(mentra_ble_service.c.obj)
                0x0000000000009598                mentra_ble_send
 .text.protobuf_parse_audio_chunk.part.0
                0x00000000000095f4       0x14 app/libapp.a(protobuf_handler.c.obj)
 .text.protobuf_parse_image_chunk.part.0
                0x0000000000009608       0x40 app/libapp.a(protobuf_handler.c.obj)
 .text.decode_phone_to_glasses_message.part.0
                0x0000000000009648       0x6c app/libapp.a(protobuf_handler.c.obj)
 .text.encode_glasses_to_phone_message.part.0
                0x00000000000096b4       0xa0 app/libapp.a(protobuf_handler.c.obj)
 .text.protobuf_parse_control_message
                0x0000000000009754      0x130 app/libapp.a(protobuf_handler.c.obj)
                0x0000000000009754                protobuf_parse_control_message
 .text.protobuf_parse_audio_chunk
                0x0000000000009884       0x30 app/libapp.a(protobuf_handler.c.obj)
                0x0000000000009884                protobuf_parse_audio_chunk
 .text.protobuf_parse_image_chunk
                0x00000000000098b4       0x1c app/libapp.a(protobuf_handler.c.obj)
                0x00000000000098b4                protobuf_parse_image_chunk
 .text.protobuf_analyze_message
                0x00000000000098d0      0x124 app/libapp.a(protobuf_handler.c.obj)
                0x00000000000098d0                protobuf_analyze_message
 .text.protobuf_generate_echo_response
                0x00000000000099f4       0x60 app/libapp.a(protobuf_handler.c.obj)
                0x00000000000099f4                protobuf_generate_echo_response
 .text.crc8_ccitt
                0x0000000000009a54       0x2c zephyr/libzephyr.a(crc8_sw.c.obj)
                0x0000000000009a54                crc8_ccitt
 .text.sys_heap_free
                0x0000000000009a80       0x9c zephyr/libzephyr.a(heap.c.obj)
                0x0000000000009a80                sys_heap_free
 .text.sys_heap_aligned_alloc
                0x0000000000009b1c      0x118 zephyr/libzephyr.a(heap.c.obj)
                0x0000000000009b1c                sys_heap_aligned_alloc
 .text.sys_heap_init
                0x0000000000009c34      0x134 zephyr/libzephyr.a(heap.c.obj)
                0x0000000000009c34                sys_heap_init
 .text.cbprintf_package_convert
                0x0000000000009d68      0x478 zephyr/libzephyr.a(cbprintf_packaged.c.obj)
                0x0000000000009d68                cbprintf_package_convert
 .text.char_out
                0x000000000000a1e0        0xc zephyr/libzephyr.a(printk.c.obj)
 .text.__printk_hook_install
                0x000000000000a1ec        0xc zephyr/libzephyr.a(printk.c.obj)
                0x000000000000a1ec                __printk_hook_install
 .text.vprintk  0x000000000000a1f8       0x30 zephyr/libzephyr.a(printk.c.obj)
                0x000000000000a1f8                vprintk
 .text.z_thread_entry
                0x000000000000a228       0x34 zephyr/libzephyr.a(thread_entry.c.obj)
                0x000000000000a228                z_thread_entry
 .text.mpsc_pbuf_init
                0x000000000000a25c       0x64 zephyr/libzephyr.a(mpsc_pbuf.c.obj)
                0x000000000000a25c                mpsc_pbuf_init
 .text.mpsc_pbuf_alloc
                0x000000000000a2c0      0x188 zephyr/libzephyr.a(mpsc_pbuf.c.obj)
                0x000000000000a2c0                mpsc_pbuf_alloc
 .text.mpsc_pbuf_commit
                0x000000000000a448       0xb0 zephyr/libzephyr.a(mpsc_pbuf.c.obj)
                0x000000000000a448                mpsc_pbuf_commit
 .text.mpsc_pbuf_claim
                0x000000000000a4f8      0x110 zephyr/libzephyr.a(mpsc_pbuf.c.obj)
                0x000000000000a4f8                mpsc_pbuf_claim
 .text.mpsc_pbuf_free
                0x000000000000a608       0xe4 zephyr/libzephyr.a(mpsc_pbuf.c.obj)
                0x000000000000a608                mpsc_pbuf_free
 .text.mpsc_pbuf_is_pending
                0x000000000000a6ec       0xa4 zephyr/libzephyr.a(mpsc_pbuf.c.obj)
                0x000000000000a6ec                mpsc_pbuf_is_pending
 .text.process_event
                0x000000000000a790      0x3ac zephyr/libzephyr.a(onoff.c.obj)
 .text.transition_complete
                0x000000000000ab3c       0x64 zephyr/libzephyr.a(onoff.c.obj)
 .text.onoff_request
                0x000000000000aba0      0x130 zephyr/libzephyr.a(onoff.c.obj)
                0x000000000000aba0                onoff_request
 .text.onoff_release
                0x000000000000acd0       0xd8 zephyr/libzephyr.a(onoff.c.obj)
                0x000000000000acd0                onoff_release
 .text.sys_notify_finalize
                0x000000000000ada8       0x58 zephyr/libzephyr.a(notify.c.obj)
                0x000000000000ada8                sys_notify_finalize
 .text.nvs_recover_last_ate
                0x000000000000ae00       0x64 zephyr/libzephyr.a(nvs.c.obj)
 .text.nvs_sector_close
                0x000000000000ae64       0x58 zephyr/libzephyr.a(nvs.c.obj)
 .text.nvs_mount
                0x000000000000aebc      0x34c zephyr/libzephyr.a(nvs.c.obj)
                0x000000000000aebc                nvs_mount
 .text.nvs_write
                0x000000000000b208      0x1ac zephyr/libzephyr.a(nvs.c.obj)
                0x000000000000b208                nvs_write
 .text.nvs_read_hist
                0x000000000000b3b4       0xd0 zephyr/libzephyr.a(nvs.c.obj)
                0x000000000000b3b4                nvs_read_hist
 .text.ipc_service_open_instance
                0x000000000000b484       0x40 zephyr/libzephyr.a(ipc_service.c.obj)
                0x000000000000b484                ipc_service_open_instance
 .text.ipc_service_close_instance
                0x000000000000b4c4       0x40 zephyr/libzephyr.a(ipc_service.c.obj)
                0x000000000000b4c4                ipc_service_close_instance
 .text.ipc_service_register_endpoint
                0x000000000000b504       0x44 zephyr/libzephyr.a(ipc_service.c.obj)
                0x000000000000b504                ipc_service_register_endpoint
 .text.ipc_service_deregister_endpoint
                0x000000000000b548       0x58 zephyr/libzephyr.a(ipc_service.c.obj)
                0x000000000000b548                ipc_service_deregister_endpoint
 .text.ipc_service_send
                0x000000000000b5a0       0x5c zephyr/libzephyr.a(ipc_service.c.obj)
                0x000000000000b5a0                ipc_service_send
 .text.shared_memory_prepare
                0x000000000000b5fc       0x14 zephyr/libzephyr.a(ipc_rpmsg_static_vrings.c.obj)
 .text.advertise_ept
                0x000000000000b610       0x44 zephyr/libzephyr.a(ipc_rpmsg_static_vrings.c.obj)
 .text.get_ept  0x000000000000b654       0x28 zephyr/libzephyr.a(ipc_rpmsg_static_vrings.c.obj)
 .text.open     0x000000000000b67c      0x1b0 zephyr/libzephyr.a(ipc_rpmsg_static_vrings.c.obj)
 .text.bound_cb
                0x000000000000b82c       0x30 zephyr/libzephyr.a(ipc_rpmsg_static_vrings.c.obj)
 .text.send     0x000000000000b85c       0x4c zephyr/libzephyr.a(ipc_rpmsg_static_vrings.c.obj)
 .text.register_ept
                0x000000000000b8a8       0xec zephyr/libzephyr.a(ipc_rpmsg_static_vrings.c.obj)
 .text.deregister_ept
                0x000000000000b994       0x44 zephyr/libzephyr.a(ipc_rpmsg_static_vrings.c.obj)
 .text.ns_bind_cb
                0x000000000000b9d8       0x6c zephyr/libzephyr.a(ipc_rpmsg.c.obj)
 .text.ipc_rpmsg_register_ept
                0x000000000000ba44       0x3c zephyr/libzephyr.a(ipc_rpmsg.c.obj)
                0x000000000000ba44                ipc_rpmsg_register_ept
 .text.ipc_rpmsg_init
                0x000000000000ba80       0x70 zephyr/libzephyr.a(ipc_rpmsg.c.obj)
                0x000000000000ba80                ipc_rpmsg_init
 .text.ipc_static_vrings_init
                0x000000000000baf0       0xbc zephyr/libzephyr.a(ipc_static_vrings.c.obj)
                0x000000000000baf0                ipc_static_vrings_init
 .text.enable_logger
                0x000000000000bbac       0x5c zephyr/libzephyr.a(log_core.c.obj)
 .text.activate_foreach_backend
                0x000000000000bc08       0x64 zephyr/libzephyr.a(log_core.c.obj)
 .text.z_log_init
                0x000000000000bc6c       0xe0 zephyr/libzephyr.a(log_core.c.obj)
 .text.log_process_thread_timer_expiry_fn
                0x000000000000bd4c        0xc zephyr/libzephyr.a(log_core.c.obj)
 .text.log_format_func_t_get
                0x000000000000bd58        0xc zephyr/libzephyr.a(log_core.c.obj)
                0x000000000000bd58                log_format_func_t_get
 .text.log_set_timestamp_func
                0x000000000000bd64       0x20 zephyr/libzephyr.a(log_core.c.obj)
                0x000000000000bd64                log_set_timestamp_func
 .text.z_log_notify_backend_enabled
                0x000000000000bd84       0x1c zephyr/libzephyr.a(log_core.c.obj)
                0x000000000000bd84                z_log_notify_backend_enabled
 .text.z_log_dropped
                0x000000000000bda0       0x3c zephyr/libzephyr.a(log_core.c.obj)
                0x000000000000bda0                z_log_dropped
 .text.z_log_dropped_read_and_clear
                0x000000000000bddc       0x18 zephyr/libzephyr.a(log_core.c.obj)
                0x000000000000bddc                z_log_dropped_read_and_clear
 .text.dropped_notify
                0x000000000000bdf4       0x60 zephyr/libzephyr.a(log_core.c.obj)
                0x000000000000bdf4                dropped_notify
 .text.z_log_msg_init
                0x000000000000be54       0x20 zephyr/libzephyr.a(log_core.c.obj)
                0x000000000000be54                z_log_msg_init
 .text.log_core_init
                0x000000000000be74       0x34 zephyr/libzephyr.a(log_core.c.obj)
                0x000000000000be74                log_core_init
 .text.z_log_msg_alloc
                0x000000000000bea8       0x10 zephyr/libzephyr.a(log_core.c.obj)
                0x000000000000bea8                z_log_msg_alloc
 .text.z_log_msg_local_claim
                0x000000000000beb8        0xc zephyr/libzephyr.a(log_core.c.obj)
                0x000000000000beb8                z_log_msg_local_claim
 .text.z_log_msg_free
                0x000000000000bec4       0x10 zephyr/libzephyr.a(log_core.c.obj)
                0x000000000000bec4                z_log_msg_free
 .text.z_log_msg_pending
                0x000000000000bed4        0xc zephyr/libzephyr.a(log_core.c.obj)
                0x000000000000bed4                z_log_msg_pending
 .text.z_impl_log_process
                0x000000000000bee0       0xe4 zephyr/libzephyr.a(log_core.c.obj)
                0x000000000000bee0                z_impl_log_process
 .text.z_impl_log_panic
                0x000000000000bfc4       0x74 zephyr/libzephyr.a(log_core.c.obj)
                0x000000000000bfc4                z_impl_log_panic
 .text.log_process_thread_func
                0x000000000000c038       0xf4 zephyr/libzephyr.a(log_core.c.obj)
 .text.z_log_msg_post_finalize
                0x000000000000c12c       0xe4 zephyr/libzephyr.a(log_core.c.obj)
 .text.z_log_msg_commit
                0x000000000000c210       0x24 zephyr/libzephyr.a(log_core.c.obj)
                0x000000000000c210                z_log_msg_commit
 .text.log_source_name_get
                0x000000000000c234       0x1c zephyr/libzephyr.a(log_mgmt.c.obj)
                0x000000000000c234                log_source_name_get
 .text.log_backend_enable
                0x000000000000c250       0x4c zephyr/libzephyr.a(log_mgmt.c.obj)
                0x000000000000c250                log_backend_enable
 .text.z_impl_z_log_msg_static_create
                0x000000000000c29c      0x12c zephyr/libzephyr.a(log_msg.c.obj)
                0x000000000000c29c                z_impl_z_log_msg_static_create
 .text.log_msg_get_source_id
                0x000000000000c3c8       0x18 zephyr/libzephyr.a(log_msg.c.obj)
                0x000000000000c3c8                log_msg_get_source_id
 .text.print_formatted
                0x000000000000c3e0       0x24 zephyr/libzephyr.a(log_output.c.obj)
 .text.newline_print
                0x000000000000c404       0x1c zephyr/libzephyr.a(log_output.c.obj)
 .text.out_func
                0x000000000000c420       0x58 zephyr/libzephyr.a(log_output.c.obj)
 .text.log_output_process
                0x000000000000c478      0x31c zephyr/libzephyr.a(log_output.c.obj)
                0x000000000000c478                log_output_process
 .text.log_output_dropped_process
                0x000000000000c794       0x58 zephyr/libzephyr.a(log_output.c.obj)
                0x000000000000c794                log_output_dropped_process
 .text.log_output_timestamp_freq_set
                0x000000000000c7ec       0x2c zephyr/libzephyr.a(log_output.c.obj)
                0x000000000000c7ec                log_output_timestamp_freq_set
 .text.log_backend_rtt_init
                0x000000000000c818        0xc zephyr/libzephyr.a(log_backend_rtt.c.obj)
 .text.format_set
                0x000000000000c824        0xc zephyr/libzephyr.a(log_backend_rtt.c.obj)
 .text.dropped  0x000000000000c830        0xc zephyr/libzephyr.a(log_backend_rtt.c.obj)
 .text.process  0x000000000000c83c       0x24 zephyr/libzephyr.a(log_backend_rtt.c.obj)
 .text.panic    0x000000000000c860       0x34 zephyr/libzephyr.a(log_backend_rtt.c.obj)
 .text.on_failed_write
                0x000000000000c894       0x28 zephyr/libzephyr.a(log_backend_rtt.c.obj)
 .text.data_out_block_mode
                0x000000000000c8bc       0x88 zephyr/libzephyr.a(log_backend_rtt.c.obj)
 .text.mem_attr_get_regions
                0x000000000000c944        0xc zephyr/libzephyr.a(mem_attr.c.obj)
                0x000000000000c944                mem_attr_get_regions
 .text.flash_area_open
                0x000000000000c950       0x4c zephyr/libzephyr.a(flash_map.c.obj)
                0x000000000000c950                flash_area_open
 .text.flash_area_sectors
                0x000000000000c99c       0x34 zephyr/libzephyr.a(flash_map_layout.c.obj)
                0x000000000000c99c                flash_area_sectors
 .text.k_mutex_lock.constprop.0.isra.0
                0x000000000000c9d0       0x10 zephyr/libzephyr.a(settings_store.c.obj)
 .text.k_mutex_unlock.constprop.0.isra.0
                0x000000000000c9e0        0xc zephyr/libzephyr.a(settings_store.c.obj)
 .text.settings_save_one
                0x000000000000c9ec       0x44 zephyr/libzephyr.a(settings_store.c.obj)
                0x000000000000c9ec                settings_save_one
 .text.settings_src_register
                0x000000000000ca30       0x1c zephyr/libzephyr.a(settings_store.c.obj)
                0x000000000000ca30                settings_src_register
 .text.settings_dst_register
                0x000000000000ca4c        0xc zephyr/libzephyr.a(settings_store.c.obj)
                0x000000000000ca4c                settings_dst_register
 .text.settings_load_subtree
                0x000000000000ca58       0x44 zephyr/libzephyr.a(settings_store.c.obj)
                0x000000000000ca58                settings_load_subtree
 .text.settings_load_subtree_direct
                0x000000000000ca9c       0x38 zephyr/libzephyr.a(settings_store.c.obj)
                0x000000000000ca9c                settings_load_subtree_direct
 .text.settings_store_init
                0x000000000000cad4       0x10 zephyr/libzephyr.a(settings_store.c.obj)
                0x000000000000cad4                settings_store_init
 .text.settings_init
                0x000000000000cae4       0x10 zephyr/libzephyr.a(settings.c.obj)
                0x000000000000cae4                settings_init
 .text.settings_parse_and_lookup
                0x000000000000caf4       0xc4 zephyr/libzephyr.a(settings.c.obj)
                0x000000000000caf4                settings_parse_and_lookup
 .text.settings_call_set_handler
                0x000000000000cbb8       0xa4 zephyr/libzephyr.a(settings.c.obj)
                0x000000000000cbb8                settings_call_set_handler
 .text.settings_commit_subtree
                0x000000000000cc5c       0xf0 zephyr/libzephyr.a(settings.c.obj)
                0x000000000000cc5c                settings_commit_subtree
 .text.settings_subsys_init
                0x000000000000cd4c       0x3c zephyr/libzephyr.a(settings_init.c.obj)
                0x000000000000cd4c                settings_subsys_init
 .text.settings_nvs_load
                0x000000000000cd88       0xbc zephyr/libzephyr.a(settings_nvs.c.obj)
 .text.settings_backend_init
                0x000000000000ce44       0x84 zephyr/libzephyr.a(settings_nvs.c.obj)
                0x000000000000ce44                settings_backend_init
 .text.boot_banner
                0x000000000000cec8       0x24 zephyr/libzephyr.a(banner.c.obj)
                0x000000000000cec8                boot_banner
 .text.z_arm_fatal_error
                0x000000000000ceec       0xb8 zephyr/arch/arch/arm/core/libarch__arm__core.a(fatal.c.obj)
                0x000000000000ceec                z_arm_fatal_error
 .text.z_SysNmiOnReset
                0x000000000000cfa4        0x8 zephyr/arch/arch/arm/core/libarch__arm__core.a(nmi_on_reset.S.obj)
                0x000000000000cfa4                z_SysNmiOnReset
 .text.arch_tls_stack_setup
                0x000000000000cfac       0x40 zephyr/arch/arch/arm/core/libarch__arm__core.a(tls.c.obj)
                0x000000000000cfac                arch_tls_stack_setup
 .text._HandlerModeExit
                0x000000000000cfec       0x28 zephyr/arch/arch/arm/core/cortex_m/libarch__arm__core__cortex_m.a(exc_exit.c.obj)
                0x000000000000cfec                z_arm_int_exit
                0x000000000000cfec                z_arm_exc_exit
 .text.mem_manage_fault.constprop.0
                0x000000000000d014      0x108 zephyr/arch/arch/arm/core/cortex_m/libarch__arm__core__cortex_m.a(fault.c.obj)
 .text.usage_fault.constprop.0
                0x000000000000d11c       0xbc zephyr/arch/arch/arm/core/cortex_m/libarch__arm__core__cortex_m.a(fault.c.obj)
 .text.bus_fault.constprop.0
                0x000000000000d1d8       0xd0 zephyr/arch/arch/arm/core/cortex_m/libarch__arm__core__cortex_m.a(fault.c.obj)
 .text.z_arm_fault
                0x000000000000d2a8      0x254 zephyr/arch/arch/arm/core/cortex_m/libarch__arm__core__cortex_m.a(fault.c.obj)
                0x000000000000d2a8                z_arm_fault
 .text.z_arm_fault_init
                0x000000000000d4fc       0x20 zephyr/arch/arch/arm/core/cortex_m/libarch__arm__core__cortex_m.a(fault.c.obj)
                0x000000000000d4fc                z_arm_fault_init
 .text.__fault  0x000000000000d51c       0x14 zephyr/arch/arch/arm/core/cortex_m/libarch__arm__core__cortex_m.a(fault_s.S.obj)
                0x000000000000d51c                z_arm_exc_spurious
                0x000000000000d51c                z_arm_usage_fault
                0x000000000000d51c                z_arm_mpu_fault
                0x000000000000d51c                z_arm_debug_monitor
                0x000000000000d51c                z_arm_hard_fault
                0x000000000000d51c                z_arm_bus_fault
 .text._reset_section
                0x000000000000d530       0x60 zephyr/arch/arch/arm/core/cortex_m/libarch__arm__core__cortex_m.a(reset.S.obj)
                0x000000000000d530                __start
                0x000000000000d530                z_arm_reset
 .text.z_arm_clear_arm_mpu_config
                0x000000000000d590       0x24 zephyr/arch/arch/arm/core/cortex_m/libarch__arm__core__cortex_m.a(scb.c.obj)
                0x000000000000d590                z_arm_clear_arm_mpu_config
 .text.z_arm_init_arch_hw_at_boot
                0x000000000000d5b4       0x4c zephyr/arch/arch/arm/core/cortex_m/libarch__arm__core__cortex_m.a(scb.c.obj)
                0x000000000000d5b4                z_arm_init_arch_hw_at_boot
 .text.z_impl_k_thread_abort
                0x000000000000d600       0x2c zephyr/arch/arch/arm/core/cortex_m/libarch__arm__core__cortex_m.a(thread_abort.c.obj)
                0x000000000000d600                z_impl_k_thread_abort
 .text.z_arm_pendsv
                0x000000000000d62c       0x70 zephyr/arch/arch/arm/core/cortex_m/libarch__arm__core__cortex_m.a(swap_helper.S.obj)
                0x000000000000d62c                z_arm_pendsv
 .text.z_arm_svc
                0x000000000000d69c       0x24 zephyr/arch/arch/arm/core/cortex_m/libarch__arm__core__cortex_m.a(swap_helper.S.obj)
                0x000000000000d69c                z_arm_svc
 .text.arch_irq_enable
                0x000000000000d6c0       0x1c zephyr/arch/arch/arm/core/cortex_m/libarch__arm__core__cortex_m.a(irq_manage.c.obj)
                0x000000000000d6c0                arch_irq_enable
 .text.arch_irq_disable
                0x000000000000d6dc       0x28 zephyr/arch/arch/arm/core/cortex_m/libarch__arm__core__cortex_m.a(irq_manage.c.obj)
                0x000000000000d6dc                arch_irq_disable
 .text.arch_irq_is_enabled
                0x000000000000d704       0x1c zephyr/arch/arch/arm/core/cortex_m/libarch__arm__core__cortex_m.a(irq_manage.c.obj)
                0x000000000000d704                arch_irq_is_enabled
 .text.z_arm_irq_priority_set
                0x000000000000d720       0x64 zephyr/arch/arch/arm/core/cortex_m/libarch__arm__core__cortex_m.a(irq_manage.c.obj)
                0x000000000000d720                z_arm_irq_priority_set
 .text.z_prep_c
                0x000000000000d784       0x38 zephyr/arch/arch/arm/core/cortex_m/libarch__arm__core__cortex_m.a(prep_c.c.obj)
                0x000000000000d784                z_prep_c
 .text.arch_new_thread
                0x000000000000d7bc       0x40 zephyr/arch/arch/arm/core/cortex_m/libarch__arm__core__cortex_m.a(thread.c.obj)
                0x000000000000d7bc                arch_new_thread
 .text.arch_switch_to_main_thread
                0x000000000000d7fc       0x40 zephyr/arch/arch/arm/core/cortex_m/libarch__arm__core__cortex_m.a(thread.c.obj)
                0x000000000000d7fc                arch_switch_to_main_thread
 .text.z_arm_cpu_idle_init
                0x000000000000d83c        0xc zephyr/arch/arch/arm/core/cortex_m/libarch__arm__core__cortex_m.a(cpu_idle.c.obj)
                0x000000000000d83c                z_arm_cpu_idle_init
 .text.z_arm_interrupt_init
                0x000000000000d848       0x18 zephyr/arch/arch/arm/core/cortex_m/libarch__arm__core__cortex_m.a(irq_init.c.obj)
                0x000000000000d848                z_arm_interrupt_init
 .text._isr_wrapper
                0x000000000000d860       0x24 zephyr/arch/arch/arm/core/cortex_m/libarch__arm__core__cortex_m.a(isr_wrapper.c.obj)
                0x000000000000d860                _isr_wrapper
 .text.z_arm_configure_static_mpu_regions
                0x000000000000d884       0x38 zephyr/arch/arch/arm/core/mpu/libarch__arm__core__mpu.a(arm_core_mpu.c.obj)
                0x000000000000d884                z_arm_configure_static_mpu_regions
 .text.region_init
                0x000000000000d8bc       0x34 zephyr/arch/arch/arm/core/mpu/libarch__arm__core__mpu.a(arm_mpu.c.obj)
 .text.region_allocate_and_init
                0x000000000000d8f0       0x38 zephyr/arch/arch/arm/core/mpu/libarch__arm__core__mpu.a(arm_mpu.c.obj)
 .text.mpu_configure_regions_and_partition.constprop.0
                0x000000000000d928      0x164 zephyr/arch/arch/arm/core/mpu/libarch__arm__core__mpu.a(arm_mpu.c.obj)
 .text.arm_core_mpu_enable
                0x000000000000da8c       0x18 zephyr/arch/arch/arm/core/mpu/libarch__arm__core__mpu.a(arm_mpu.c.obj)
                0x000000000000da8c                arm_core_mpu_enable
 .text.arm_core_mpu_disable
                0x000000000000daa4       0x14 zephyr/arch/arch/arm/core/mpu/libarch__arm__core__mpu.a(arm_mpu.c.obj)
                0x000000000000daa4                arm_core_mpu_disable
 .text.arm_core_mpu_configure_static_mpu_regions
                0x000000000000dab8       0x48 zephyr/arch/arch/arm/core/mpu/libarch__arm__core__mpu.a(arm_mpu.c.obj)
                0x000000000000dab8                arm_core_mpu_configure_static_mpu_regions
 .text.arm_core_mpu_mark_areas_for_dynamic_regions
                0x000000000000db00       0xe8 zephyr/arch/arch/arm/core/mpu/libarch__arm__core__mpu.a(arm_mpu.c.obj)
                0x000000000000db00                arm_core_mpu_mark_areas_for_dynamic_regions
 .text.z_arm_mpu_init
                0x000000000000dbe8      0x194 zephyr/arch/arch/arm/core/mpu/libarch__arm__core__mpu.a(arm_mpu.c.obj)
                0x000000000000dbe8                z_arm_mpu_init
 .text.cbvprintf
                0x000000000000dd7c       0x38 zephyr/lib/libc/picolibc/liblib__libc__picolibc.a(cbprintf.c.obj)
                0x000000000000dd7c                cbvprintf
 .text._exit    0x000000000000ddb4       0x10 zephyr/lib/libc/picolibc/liblib__libc__picolibc.a(exit.c.obj)
                0x000000000000ddb4                _exit
 .text.z_impl_zephyr_fputc
                0x000000000000ddc4       0x10 zephyr/lib/libc/picolibc/liblib__libc__picolibc.a(stdio.c.obj)
                0x000000000000ddc4                z_impl_zephyr_fputc
 .text.__stdout_hook_install
                0x000000000000ddd4       0x18 zephyr/lib/libc/picolibc/liblib__libc__picolibc.a(stdio.c.obj)
                0x000000000000ddd4                __stdout_hook_install
 .text.malloc_prepare
                0x000000000000ddec       0x24 zephyr/lib/libc/common/liblib__libc__common.a(malloc.c.obj)
 .text.net_buf_destroy
                0x000000000000de10       0x38 zephyr/lib/net_buf/liblib__net_buf.a(buf.c.obj)
 .text.net_buf_pool_get
                0x000000000000de48       0x10 zephyr/lib/net_buf/liblib__net_buf.a(buf.c.obj)
                0x000000000000de48                net_buf_pool_get
 .text.net_buf_id
                0x000000000000de58       0x24 zephyr/lib/net_buf/liblib__net_buf.a(buf.c.obj)
                0x000000000000de58                net_buf_id
 .text.fixed_data_alloc
                0x000000000000de7c       0x24 zephyr/lib/net_buf/liblib__net_buf.a(buf.c.obj)
 .text.net_buf_reset
                0x000000000000dea0       0x48 zephyr/lib/net_buf/liblib__net_buf.a(buf.c.obj)
                0x000000000000dea0                net_buf_reset
 .text.net_buf_alloc_len
                0x000000000000dee8      0x1c4 zephyr/lib/net_buf/liblib__net_buf.a(buf.c.obj)
                0x000000000000dee8                net_buf_alloc_len
 .text.net_buf_slist_put
                0x000000000000e0ac       0xd4 zephyr/lib/net_buf/liblib__net_buf.a(buf.c.obj)
                0x000000000000e0ac                net_buf_slist_put
 .text.net_buf_slist_get
                0x000000000000e180       0xb8 zephyr/lib/net_buf/liblib__net_buf.a(buf.c.obj)
                0x000000000000e180                net_buf_slist_get
 .text.net_buf_unref
                0x000000000000e238       0x5c zephyr/lib/net_buf/liblib__net_buf.a(buf.c.obj)
                0x000000000000e238                net_buf_unref
 .text.net_buf_ref
                0x000000000000e294       0x30 zephyr/lib/net_buf/liblib__net_buf.a(buf.c.obj)
                0x000000000000e294                net_buf_ref
 .text.net_buf_frag_last
                0x000000000000e2c4       0x34 zephyr/lib/net_buf/liblib__net_buf.a(buf.c.obj)
                0x000000000000e2c4                net_buf_frag_last
 .text.net_buf_frag_insert
                0x000000000000e2f8       0x58 zephyr/lib/net_buf/liblib__net_buf.a(buf.c.obj)
                0x000000000000e2f8                net_buf_frag_insert
 .text.net_buf_frag_add
                0x000000000000e350       0x48 zephyr/lib/net_buf/liblib__net_buf.a(buf.c.obj)
                0x000000000000e350                net_buf_frag_add
 .text.net_buf_simple_reserve
                0x000000000000e398       0x44 zephyr/lib/net_buf/liblib__net_buf.a(buf_simple.c.obj)
                0x000000000000e398                net_buf_simple_reserve
 .text.net_buf_simple_push
                0x000000000000e3dc       0x40 zephyr/lib/net_buf/liblib__net_buf.a(buf_simple.c.obj)
                0x000000000000e3dc                net_buf_simple_push
 .text.net_buf_simple_pull
                0x000000000000e41c       0x3c zephyr/lib/net_buf/liblib__net_buf.a(buf_simple.c.obj)
                0x000000000000e41c                net_buf_simple_pull
 .text.net_buf_simple_pull_mem
                0x000000000000e458       0x3c zephyr/lib/net_buf/liblib__net_buf.a(buf_simple.c.obj)
                0x000000000000e458                net_buf_simple_pull_mem
 .text.net_buf_simple_add
                0x000000000000e494       0x3c zephyr/lib/net_buf/liblib__net_buf.a(buf_simple.c.obj)
                0x000000000000e494                net_buf_simple_add
 .text.rtc_pretick_init
                0x000000000000e4d0       0x60 zephyr/soc/soc/nrf5340/libsoc__nordic.a(soc.c.obj)
 .text.z_arm_on_enter_cpu_idle
                0x000000000000e530       0x68 zephyr/soc/soc/nrf5340/libsoc__nordic.a(soc.c.obj)
                0x000000000000e530                z_arm_on_enter_cpu_idle
 .text.arch_busy_wait
                0x000000000000e598       0x24 zephyr/soc/soc/nrf5340/libsoc__nordic.a(soc.c.obj)
                0x000000000000e598                arch_busy_wait
 .text.onoff_stop
                0x000000000000e5bc       0x14 zephyr/soc/soc/nrf5340/libsoc__nordic.a(nrf53_cpunet_mgmt.c.obj)
 .text.nrf53_cpunet_mgmt_init
                0x000000000000e5d0       0x10 zephyr/soc/soc/nrf5340/libsoc__nordic.a(nrf53_cpunet_mgmt.c.obj)
 .text.onoff_start
                0x000000000000e5e0       0x70 zephyr/soc/soc/nrf5340/libsoc__nordic.a(nrf53_cpunet_mgmt.c.obj)
 .text.nrf53_cpunet_enable
                0x000000000000e650       0x68 zephyr/soc/soc/nrf5340/libsoc__nordic.a(nrf53_cpunet_mgmt.c.obj)
                0x000000000000e650                nrf53_cpunet_enable
 .text.soc_secure_gpio_pin_mcu_select
                0x000000000000e6b8       0x60 zephyr/soc/soc/nrf5340/libsoc__nordic.a(soc_secure.c.obj)
                0x000000000000e6b8                soc_secure_gpio_pin_mcu_select
 .text.xoshiro128_initialize
                0x000000000000e718       0x18 zephyr/subsys/random/libsubsys__random.a(random_xoshiro128.c.obj)
 .text.bt_hex   0x000000000000e730       0x44 zephyr/subsys/bluetooth/common/libsubsys__bluetooth__common.a(bt_str.c.obj)
                0x000000000000e730                bt_hex
 .text.bt_addr_le_str
                0x000000000000e774       0x7c zephyr/subsys/bluetooth/common/libsubsys__bluetooth__common.a(bt_str.c.obj)
                0x000000000000e774                bt_addr_le_str
 .text.set_setting
                0x000000000000e7f0       0xa0 zephyr/subsys/bluetooth/host/libsubsys__bluetooth__host.a(settings.c.obj)
 .text.bt_settings_encode_key
                0x000000000000e890       0x60 zephyr/subsys/bluetooth/host/libsubsys__bluetooth__host.a(settings.c.obj)
                0x000000000000e890                bt_settings_encode_key
 .text.bt_settings_init
                0x000000000000e8f0       0x24 zephyr/subsys/bluetooth/host/libsubsys__bluetooth__host.a(settings.c.obj)
                0x000000000000e8f0                bt_settings_init
 .text.bt_settings_store
                0x000000000000e914       0x50 zephyr/subsys/bluetooth/host/libsubsys__bluetooth__host.a(settings.c.obj)
                0x000000000000e914                bt_settings_store
 .text.do_store_id
                0x000000000000e964       0x40 zephyr/subsys/bluetooth/host/libsubsys__bluetooth__host.a(settings.c.obj)
 .text.bt_settings_delete
                0x000000000000e9a4       0x4c zephyr/subsys/bluetooth/host/libsubsys__bluetooth__host.a(settings.c.obj)
                0x000000000000e9a4                bt_settings_delete
 .text.bt_settings_store_sc
                0x000000000000e9f0       0x1c zephyr/subsys/bluetooth/host/libsubsys__bluetooth__host.a(settings.c.obj)
                0x000000000000e9f0                bt_settings_store_sc
 .text.bt_settings_delete_sc
                0x000000000000ea0c       0x10 zephyr/subsys/bluetooth/host/libsubsys__bluetooth__host.a(settings.c.obj)
                0x000000000000ea0c                bt_settings_delete_sc
 .text.bt_settings_store_cf
                0x000000000000ea1c       0x1c zephyr/subsys/bluetooth/host/libsubsys__bluetooth__host.a(settings.c.obj)
                0x000000000000ea1c                bt_settings_store_cf
 .text.bt_settings_store_ccc
                0x000000000000ea38       0x1c zephyr/subsys/bluetooth/host/libsubsys__bluetooth__host.a(settings.c.obj)
                0x000000000000ea38                bt_settings_store_ccc
 .text.bt_settings_store_hash
                0x000000000000ea54       0x1c zephyr/subsys/bluetooth/host/libsubsys__bluetooth__host.a(settings.c.obj)
                0x000000000000ea54                bt_settings_store_hash
 .text.bt_settings_store_id
                0x000000000000ea70       0x10 zephyr/subsys/bluetooth/host/libsubsys__bluetooth__host.a(settings.c.obj)
                0x000000000000ea70                bt_settings_store_id
 .text.commit_settings
                0x000000000000ea80       0x74 zephyr/subsys/bluetooth/host/libsubsys__bluetooth__host.a(settings.c.obj)
 .text.bt_settings_store_keys
                0x000000000000eaf4       0x1c zephyr/subsys/bluetooth/host/libsubsys__bluetooth__host.a(settings.c.obj)
                0x000000000000eaf4                bt_settings_store_keys
 .text.bt_settings_delete_keys
                0x000000000000eb10       0x10 zephyr/subsys/bluetooth/host/libsubsys__bluetooth__host.a(settings.c.obj)
                0x000000000000eb10                bt_settings_delete_keys
 .text.long_wq_init
                0x000000000000eb20       0x38 zephyr/subsys/bluetooth/host/libsubsys__bluetooth__host.a(long_wq.c.obj)
 .text.bt_long_wq_schedule
                0x000000000000eb58        0xc zephyr/subsys/bluetooth/host/libsubsys__bluetooth__host.a(long_wq.c.obj)
                0x000000000000eb58                bt_long_wq_schedule
 .text.bt_long_wq_submit
                0x000000000000eb64        0xc zephyr/subsys/bluetooth/host/libsubsys__bluetooth__host.a(long_wq.c.obj)
                0x000000000000eb64                bt_long_wq_submit
 .text.uuid_to_uuid128
                0x000000000000eb70       0x78 zephyr/subsys/bluetooth/host/libsubsys__bluetooth__host.a(uuid.c.obj)
 .text.buf_rx_freed_notify
                0x000000000000ebe8       0x20 zephyr/subsys/bluetooth/host/libsubsys__bluetooth__host.a(buf.c.obj)
 .text.bt_buf_get_rx
                0x000000000000ec08       0x68 zephyr/subsys/bluetooth/host/libsubsys__bluetooth__host.a(buf.c.obj)
                0x000000000000ec08                bt_buf_get_rx
 .text.bt_buf_get_evt
                0x000000000000ec70       0x40 zephyr/subsys/bluetooth/host/libsubsys__bluetooth__host.a(buf.c.obj)
                0x000000000000ec70                bt_buf_get_evt
 .text.bt_buf_destroy_view
                0x000000000000ecb0       0x50 zephyr/subsys/bluetooth/host/libsubsys__bluetooth__host.a(buf.c.obj)
                0x000000000000ecb0                bt_buf_destroy_view
 .text.bt_buf_make_view
                0x000000000000ed00       0xc0 zephyr/subsys/bluetooth/host/libsubsys__bluetooth__host.a(buf.c.obj)
                0x000000000000ed00                bt_buf_make_view
 .text.hci_data_buf_overflow
                0x000000000000edc0       0x18 zephyr/subsys/bluetooth/host/libsubsys__bluetooth__host.a(hci_core.c.obj)
 .text.hci_disconn_complete_prio
                0x000000000000edd8       0x4c zephyr/subsys/bluetooth/host/libsubsys__bluetooth__host.a(hci_core.c.obj)
 .text.hci_disconn_complete
                0x000000000000ee24       0x44 zephyr/subsys/bluetooth/host/libsubsys__bluetooth__host.a(hci_core.c.obj)
 .text.le_phy_update_complete
                0x000000000000ee68       0x34 zephyr/subsys/bluetooth/host/libsubsys__bluetooth__host.a(hci_core.c.obj)
 .text.le_data_len_change
                0x000000000000ee9c       0x30 zephyr/subsys/bluetooth/host/libsubsys__bluetooth__host.a(hci_core.c.obj)
 .text.hci_hardware_error
                0x000000000000eecc       0x24 zephyr/subsys/bluetooth/host/libsubsys__bluetooth__host.a(hci_core.c.obj)
 .text.rx_queue_put
                0x000000000000eef0       0x3c zephyr/subsys/bluetooth/host/libsubsys__bluetooth__host.a(hci_core.c.obj)
 .text.find_pending_connect.part.0
                0x000000000000ef2c       0x2c zephyr/subsys/bluetooth/host/libsubsys__bluetooth__host.a(hci_core.c.obj)
 .text.le_conn_param_neg_reply.part.0
                0x000000000000ef58       0x14 zephyr/subsys/bluetooth/host/libsubsys__bluetooth__host.a(hci_core.c.obj)
 .text.handle_event.part.0
                0x000000000000ef6c       0x48 zephyr/subsys/bluetooth/host/libsubsys__bluetooth__host.a(hci_core.c.obj)
 .text.le_remote_feat_complete
                0x000000000000efb4       0x54 zephyr/subsys/bluetooth/host/libsubsys__bluetooth__host.a(hci_core.c.obj)
 .text.enh_conn_complete_error_handle
                0x000000000000f008       0x80 zephyr/subsys/bluetooth/host/libsubsys__bluetooth__host.a(hci_core.c.obj)
 .text.handle_event_common
                0x000000000000f088       0x50 zephyr/subsys/bluetooth/host/libsubsys__bluetooth__host.a(hci_core.c.obj)
 .text.rx_work_handler
                0x000000000000f0d8      0x134 zephyr/subsys/bluetooth/host/libsubsys__bluetooth__host.a(hci_core.c.obj)
 .text.hci_le_meta_event
                0x000000000000f20c       0x20 zephyr/subsys/bluetooth/host/libsubsys__bluetooth__host.a(hci_core.c.obj)
 .text.hci_vendor_event
                0x000000000000f22c       0x68 zephyr/subsys/bluetooth/host/libsubsys__bluetooth__host.a(hci_core.c.obj)
 .text.hci_cmd_done.part.0
                0x000000000000f294      0x154 zephyr/subsys/bluetooth/host/libsubsys__bluetooth__host.a(hci_core.c.obj)
 .text.le_conn_update_complete
                0x000000000000f3e8      0x118 zephyr/subsys/bluetooth/host/libsubsys__bluetooth__host.a(hci_core.c.obj)
 .text.hci_num_completed_packets
                0x000000000000f500      0x12c zephyr/subsys/bluetooth/host/libsubsys__bluetooth__host.a(hci_core.c.obj)
 .text.hci_reset_complete
                0x000000000000f62c       0x1c zephyr/subsys/bluetooth/host/libsubsys__bluetooth__host.a(hci_core.c.obj)
 .text.bt_hci_cmd_state_set_init
                0x000000000000f648       0x24 zephyr/subsys/bluetooth/host/libsubsys__bluetooth__host.a(hci_core.c.obj)
                0x000000000000f648                bt_hci_cmd_state_set_init
 .text.bt_hci_cmd_create
                0x000000000000f66c       0x78 zephyr/subsys/bluetooth/host/libsubsys__bluetooth__host.a(hci_core.c.obj)
                0x000000000000f66c                bt_hci_cmd_create
 .text.bt_security_err_get
                0x000000000000f6e4       0x10 zephyr/subsys/bluetooth/host/libsubsys__bluetooth__host.a(hci_core.c.obj)
                0x000000000000f6e4                bt_security_err_get
 .text.hci_encrypt_key_refresh_complete
                0x000000000000f6f4       0x88 zephyr/subsys/bluetooth/host/libsubsys__bluetooth__host.a(hci_core.c.obj)
 .text.hci_encrypt_change
                0x000000000000f77c       0xb0 zephyr/subsys/bluetooth/host/libsubsys__bluetooth__host.a(hci_core.c.obj)
 .text.bt_hci_get_ver_str
                0x000000000000f82c       0x3c zephyr/subsys/bluetooth/host/libsubsys__bluetooth__host.a(hci_core.c.obj)
                0x000000000000f82c                bt_hci_get_ver_str
 .text.bt_send  0x000000000000f868       0x14 zephyr/subsys/bluetooth/host/libsubsys__bluetooth__host.a(hci_core.c.obj)
                0x000000000000f868                bt_send
 .text.hci_event_prio
                0x000000000000f87c       0xa0 zephyr/subsys/bluetooth/host/libsubsys__bluetooth__host.a(hci_core.c.obj)
                0x000000000000f87c                hci_event_prio
 .text.bt_hci_recv
                0x000000000000f91c       0x5c zephyr/subsys/bluetooth/host/libsubsys__bluetooth__host.a(hci_core.c.obj)
                0x000000000000f91c                bt_hci_recv
 .text.bt_finalize_init
                0x000000000000f978      0x134 zephyr/subsys/bluetooth/host/libsubsys__bluetooth__host.a(hci_core.c.obj)
                0x000000000000f978                bt_finalize_init
 .text.bt_init.part.0
                0x000000000000faac       0x30 zephyr/subsys/bluetooth/host/libsubsys__bluetooth__host.a(hci_core.c.obj)
 .text.bt_get_name
                0x000000000000fadc        0x8 zephyr/subsys/bluetooth/host/libsubsys__bluetooth__host.a(hci_core.c.obj)
                0x000000000000fadc                bt_get_name
 .text.bt_tx_irq_raise
                0x000000000000fae4        0xc zephyr/subsys/bluetooth/host/libsubsys__bluetooth__host.a(hci_core.c.obj)
                0x000000000000fae4                bt_tx_irq_raise
 .text.bt_hci_cmd_send
                0x000000000000faf0       0x5c zephyr/subsys/bluetooth/host/libsubsys__bluetooth__host.a(hci_core.c.obj)
                0x000000000000faf0                bt_hci_cmd_send
 .text.bt_send_one_host_num_completed_packets
                0x000000000000fb4c       0xa0 zephyr/subsys/bluetooth/host/libsubsys__bluetooth__host.a(hci_core.c.obj)
                0x000000000000fb4c                bt_send_one_host_num_completed_packets
 .text.bt_hci_host_num_completed_packets
                0x000000000000fbec       0x98 zephyr/subsys/bluetooth/host/libsubsys__bluetooth__host.a(hci_core.c.obj)
                0x000000000000fbec                bt_hci_host_num_completed_packets
 .text.le_ltk_request
                0x000000000000fc84       0xc0 zephyr/subsys/bluetooth/host/libsubsys__bluetooth__host.a(hci_core.c.obj)
 .text.le_conn_param_req
                0x000000000000fd44       0xc0 zephyr/subsys/bluetooth/host/libsubsys__bluetooth__host.a(hci_core.c.obj)
 .text.process_pending_cmd
                0x000000000000fe04       0xd8 zephyr/subsys/bluetooth/host/libsubsys__bluetooth__host.a(hci_core.c.obj)
 .text.bt_hci_cmd_send_sync
                0x000000000000fedc      0x1b4 zephyr/subsys/bluetooth/host/libsubsys__bluetooth__host.a(hci_core.c.obj)
                0x000000000000fedc                bt_hci_cmd_send_sync
 .text.bt_hci_le_rand
                0x0000000000010090       0x58 zephyr/subsys/bluetooth/host/libsubsys__bluetooth__host.a(hci_core.c.obj)
                0x0000000000010090                bt_hci_le_rand
 .text.bt_hci_le_read_max_data_len
                0x00000000000100e8       0x7c zephyr/subsys/bluetooth/host/libsubsys__bluetooth__host.a(hci_core.c.obj)
                0x00000000000100e8                bt_hci_le_read_max_data_len
 .text.init_work
                0x0000000000010164       0x18 zephyr/subsys/bluetooth/host/libsubsys__bluetooth__host.a(hci_core.c.obj)
 .text.bt_enable
                0x000000000001017c       0xdc zephyr/subsys/bluetooth/host/libsubsys__bluetooth__host.a(hci_core.c.obj)
                0x000000000001017c                bt_enable
 .text.bt_hci_le_enh_conn_complete
                0x0000000000010258      0x1d8 zephyr/subsys/bluetooth/host/libsubsys__bluetooth__host.a(hci_core.c.obj)
                0x0000000000010258                bt_hci_le_enh_conn_complete
 .text.le_legacy_conn_complete
                0x0000000000010430       0x7c zephyr/subsys/bluetooth/host/libsubsys__bluetooth__host.a(hci_core.c.obj)
 .text.hci_cmd_status
                0x00000000000104ac       0x34 zephyr/subsys/bluetooth/host/libsubsys__bluetooth__host.a(hci_core.c.obj)
 .text.hci_cmd_complete
                0x00000000000104e0       0x78 zephyr/subsys/bluetooth/host/libsubsys__bluetooth__host.a(hci_core.c.obj)
 .text.id_find  0x0000000000010558       0x30 zephyr/subsys/bluetooth/host/libsubsys__bluetooth__host.a(id.c.obj)
 .text.id_create.constprop.0
                0x0000000000010588       0x70 zephyr/subsys/bluetooth/host/libsubsys__bluetooth__host.a(id.c.obj)
 .text.set_random_address
                0x00000000000105f8       0x74 zephyr/subsys/bluetooth/host/libsubsys__bluetooth__host.a(id.c.obj)
 .text.find_rl_conflict
                0x000000000001066c       0xd0 zephyr/subsys/bluetooth/host/libsubsys__bluetooth__host.a(id.c.obj)
                0x000000000001066c                find_rl_conflict
 .text.bt_id_add.part.0
                0x000000000001073c      0x144 zephyr/subsys/bluetooth/host/libsubsys__bluetooth__host.a(id.c.obj)
 .text.bt_id_pending_keys_update
                0x0000000000010880       0x2c zephyr/subsys/bluetooth/host/libsubsys__bluetooth__host.a(id.c.obj)
                0x0000000000010880                bt_id_pending_keys_update
 .text.bt_id_find_conflict
                0x00000000000108ac       0x20 zephyr/subsys/bluetooth/host/libsubsys__bluetooth__host.a(id.c.obj)
                0x00000000000108ac                bt_id_find_conflict
 .text.bt_id_add
                0x00000000000108cc       0x34 zephyr/subsys/bluetooth/host/libsubsys__bluetooth__host.a(id.c.obj)
                0x00000000000108cc                bt_id_add
 .text.bt_id_del
                0x0000000000010900      0x14c zephyr/subsys/bluetooth/host/libsubsys__bluetooth__host.a(id.c.obj)
                0x0000000000010900                bt_id_del
 .text.bt_id_get
                0x0000000000010a4c       0x24 zephyr/subsys/bluetooth/host/libsubsys__bluetooth__host.a(id.c.obj)
                0x0000000000010a4c                bt_id_get
 .text.bt_id_create
                0x0000000000010a70       0x98 zephyr/subsys/bluetooth/host/libsubsys__bluetooth__host.a(id.c.obj)
                0x0000000000010a70                bt_id_create
 .text.bt_id_read_public_addr
                0x0000000000010b08       0x88 zephyr/subsys/bluetooth/host/libsubsys__bluetooth__host.a(id.c.obj)
                0x0000000000010b08                bt_id_read_public_addr
 .text.bt_setup_public_id_addr
                0x0000000000010b90       0x20 zephyr/subsys/bluetooth/host/libsubsys__bluetooth__host.a(id.c.obj)
                0x0000000000010b90                bt_setup_public_id_addr
 .text.bt_setup_random_id_addr
                0x0000000000010bb0       0xd8 zephyr/subsys/bluetooth/host/libsubsys__bluetooth__host.a(id.c.obj)
                0x0000000000010bb0                bt_setup_random_id_addr
 .text.bt_id_set_adv_own_addr
                0x0000000000010c88       0xe0 zephyr/subsys/bluetooth/host/libsubsys__bluetooth__host.a(id.c.obj)
                0x0000000000010c88                bt_id_set_adv_own_addr
 .text.hci_set_ad
                0x0000000000010d68       0xd0 zephyr/subsys/bluetooth/host/libsubsys__bluetooth__host.a(adv.c.obj)
 .text.adv_is_directed
                0x0000000000010e38       0x18 zephyr/subsys/bluetooth/host/libsubsys__bluetooth__host.a(adv.c.obj)
 .text.le_adv_start_add_conn
                0x0000000000010e50       0x60 zephyr/subsys/bluetooth/host/libsubsys__bluetooth__host.a(adv.c.obj)
 .text.valid_adv_param
                0x0000000000010eb0       0x84 zephyr/subsys/bluetooth/host/libsubsys__bluetooth__host.a(adv.c.obj)
 .text.bt_le_ext_adv_foreach
                0x0000000000010f34        0xc zephyr/subsys/bluetooth/host/libsubsys__bluetooth__host.a(adv.c.obj)
                0x0000000000010f34                bt_le_ext_adv_foreach
 .text.bt_le_adv_lookup_legacy
                0x0000000000010f40        0x8 zephyr/subsys/bluetooth/host/libsubsys__bluetooth__host.a(adv.c.obj)
                0x0000000000010f40                bt_le_adv_lookup_legacy
 .text.bt_le_adv_start_legacy
                0x0000000000010f48      0x278 zephyr/subsys/bluetooth/host/libsubsys__bluetooth__host.a(adv.c.obj)
                0x0000000000010f48                bt_le_adv_start_legacy
 .text.bt_le_adv_start
                0x00000000000111c0       0x64 zephyr/subsys/bluetooth/host/libsubsys__bluetooth__host.a(adv.c.obj)
                0x00000000000111c0                bt_le_adv_start
 .text.bt_le_adv_stop
                0x0000000000011224       0x78 zephyr/subsys/bluetooth/host/libsubsys__bluetooth__host.a(adv.c.obj)
                0x0000000000011224                bt_le_adv_stop
 .text.adv_timeout
                0x000000000001129c       0x24 zephyr/subsys/bluetooth/host/libsubsys__bluetooth__host.a(adv.c.obj)
 .text.bt_le_adv_resume
                0x00000000000112c0       0xe0 zephyr/subsys/bluetooth/host/libsubsys__bluetooth__host.a(adv.c.obj)
                0x00000000000112c0                bt_le_adv_resume
 .text.sys_memcpy_swap.constprop.0
                0x00000000000113a0       0x58 zephyr/subsys/bluetooth/host/libsubsys__bluetooth__host.a(crypto_psa.c.obj)
 .text.bt_crypto_init
                0x00000000000113f8       0x24 zephyr/subsys/bluetooth/host/libsubsys__bluetooth__host.a(crypto_psa.c.obj)
                0x00000000000113f8                bt_crypto_init
 .text.bt_rand  0x000000000001141c       0x24 zephyr/subsys/bluetooth/host/libsubsys__bluetooth__host.a(crypto_psa.c.obj)
                0x000000000001141c                bt_rand
 .text.bt_encrypt_le
                0x0000000000011440       0xe4 zephyr/subsys/bluetooth/host/libsubsys__bluetooth__host.a(crypto_psa.c.obj)
                0x0000000000011440                bt_encrypt_le
 .text.sys_memcpy_swap.constprop.0
                0x0000000000011524       0x58 zephyr/subsys/bluetooth/host/libsubsys__bluetooth__host.a(ecc.c.obj)
 .text.generate_pub_key
                0x000000000001157c      0x134 zephyr/subsys/bluetooth/host/libsubsys__bluetooth__host.a(ecc.c.obj)
 .text.generate_dh_key
                0x00000000000116b0       0xfc zephyr/subsys/bluetooth/host/libsubsys__bluetooth__host.a(ecc.c.obj)
 .text.bt_pub_key_is_debug
                0x00000000000117ac       0x18 zephyr/subsys/bluetooth/host/libsubsys__bluetooth__host.a(ecc.c.obj)
                0x00000000000117ac                bt_pub_key_is_debug
 .text.bt_pub_key_is_valid
                0x00000000000117c4       0x88 zephyr/subsys/bluetooth/host/libsubsys__bluetooth__host.a(ecc.c.obj)
                0x00000000000117c4                bt_pub_key_is_valid
 .text.bt_pub_key_gen
                0x000000000001184c       0x94 zephyr/subsys/bluetooth/host/libsubsys__bluetooth__host.a(ecc.c.obj)
                0x000000000001184c                bt_pub_key_gen
 .text.bt_pub_key_get
                0x00000000000118e0       0x1c zephyr/subsys/bluetooth/host/libsubsys__bluetooth__host.a(ecc.c.obj)
                0x00000000000118e0                bt_pub_key_get
 .text.bt_dh_key_gen
                0x00000000000118fc       0x84 zephyr/subsys/bluetooth/host/libsubsys__bluetooth__host.a(ecc.c.obj)
                0x00000000000118fc                bt_dh_key_gen
 .text.frag_destroy
                0x0000000000011980       0x20 zephyr/subsys/bluetooth/host/libsubsys__bluetooth__host.a(conn.c.obj)
                0x0000000000011980                frag_destroy
 .text.notify_connected
                0x00000000000119a0       0x70 zephyr/subsys/bluetooth/host/libsubsys__bluetooth__host.a(conn.c.obj)
 .text.get_data_frag
                0x0000000000011a10       0x60 zephyr/subsys/bluetooth/host/libsubsys__bluetooth__host.a(conn.c.obj)
 .text.conn_tx_destroy
                0x0000000000011a70       0x50 zephyr/subsys/bluetooth/host/libsubsys__bluetooth__host.a(conn.c.obj)
 .text.acl_get_and_clear_cb
                0x0000000000011ac0       0x48 zephyr/subsys/bluetooth/host/libsubsys__bluetooth__host.a(conn.c.obj)
 .text.perform_auto_initiated_procedures.part.0
                0x0000000000011b08       0xc0 zephyr/subsys/bluetooth/host/libsubsys__bluetooth__host.a(conn.c.obj)
 .text.recycled_work_handler
                0x0000000000011bc8       0x84 zephyr/subsys/bluetooth/host/libsubsys__bluetooth__host.a(conn.c.obj)
 .text.tx_notify_process
                0x0000000000011c4c       0x9c zephyr/subsys/bluetooth/host/libsubsys__bluetooth__host.a(conn.c.obj)
 .text.bt_conn_get_pkts
                0x0000000000011ce8       0x18 zephyr/subsys/bluetooth/host/libsubsys__bluetooth__host.a(conn.c.obj)
                0x0000000000011ce8                bt_conn_get_pkts
 .text.bt_conn_tx_notify
                0x0000000000011d00       0x78 zephyr/subsys/bluetooth/host/libsubsys__bluetooth__host.a(conn.c.obj)
                0x0000000000011d00                bt_conn_tx_notify
 .text.bt_conn_new
                0x0000000000011d78       0x5c zephyr/subsys/bluetooth/host/libsubsys__bluetooth__host.a(conn.c.obj)
                0x0000000000011d78                bt_conn_new
 .text.bt_conn_recv
                0x0000000000011dd4      0x14c zephyr/subsys/bluetooth/host/libsubsys__bluetooth__host.a(conn.c.obj)
                0x0000000000011dd4                bt_conn_recv
 .text.bt_conn_ref
                0x0000000000011f20       0x54 zephyr/subsys/bluetooth/host/libsubsys__bluetooth__host.a(conn.c.obj)
                0x0000000000011f20                bt_conn_ref
 .text.bt_conn_data_ready
                0x0000000000011f74       0x3c zephyr/subsys/bluetooth/host/libsubsys__bluetooth__host.a(conn.c.obj)
                0x0000000000011f74                bt_conn_data_ready
 .text.get_conn_ready
                0x0000000000011fb0      0x13c zephyr/subsys/bluetooth/host/libsubsys__bluetooth__host.a(conn.c.obj)
                0x0000000000011fb0                get_conn_ready
 .text.bt_conn_unref
                0x00000000000120ec       0xa0 zephyr/subsys/bluetooth/host/libsubsys__bluetooth__host.a(conn.c.obj)
                0x00000000000120ec                bt_conn_unref
 .text.bt_conn_set_state
                0x000000000001218c      0x1c4 zephyr/subsys/bluetooth/host/libsubsys__bluetooth__host.a(conn.c.obj)
                0x000000000001218c                bt_conn_set_state
 .text.bt_conn_lookup_handle
                0x0000000000012350       0x40 zephyr/subsys/bluetooth/host/libsubsys__bluetooth__host.a(conn.c.obj)
                0x0000000000012350                bt_conn_lookup_handle
 .text.bt_conn_foreach
                0x0000000000012390       0x30 zephyr/subsys/bluetooth/host/libsubsys__bluetooth__host.a(conn.c.obj)
                0x0000000000012390                bt_conn_foreach
 .text.auto_initiated_procedures
                0x00000000000123c0       0x10 zephyr/subsys/bluetooth/host/libsubsys__bluetooth__host.a(conn.c.obj)
 .text.bt_conn_index
                0x00000000000123d0       0x4c zephyr/subsys/bluetooth/host/libsubsys__bluetooth__host.a(conn.c.obj)
                0x00000000000123d0                bt_conn_index
 .text.bt_conn_create_pdu_timeout
                0x000000000001241c       0xa4 zephyr/subsys/bluetooth/host/libsubsys__bluetooth__host.a(conn.c.obj)
                0x000000000001241c                bt_conn_create_pdu_timeout
 .text.bt_conn_connected
                0x00000000000124c0       0x20 zephyr/subsys/bluetooth/host/libsubsys__bluetooth__host.a(conn.c.obj)
                0x00000000000124c0                bt_conn_connected
 .text.bt_conn_disconnect
                0x00000000000124e0       0x78 zephyr/subsys/bluetooth/host/libsubsys__bluetooth__host.a(conn.c.obj)
                0x00000000000124e0                bt_conn_disconnect
 .text.bt_conn_tx_processor
                0x0000000000012558      0x2e8 zephyr/subsys/bluetooth/host/libsubsys__bluetooth__host.a(conn.c.obj)
                0x0000000000012558                bt_conn_tx_processor
 .text.notify_le_param_updated
                0x0000000000012840       0xbc zephyr/subsys/bluetooth/host/libsubsys__bluetooth__host.a(conn.c.obj)
                0x0000000000012840                notify_le_param_updated
 .text.le_param_req
                0x00000000000128fc       0xa8 zephyr/subsys/bluetooth/host/libsubsys__bluetooth__host.a(conn.c.obj)
                0x00000000000128fc                le_param_req
 .text.bt_conn_identity_resolved
                0x00000000000129a4       0x90 zephyr/subsys/bluetooth/host/libsubsys__bluetooth__host.a(conn.c.obj)
                0x00000000000129a4                bt_conn_identity_resolved
 .text.bt_conn_security_changed
                0x0000000000012a34       0x80 zephyr/subsys/bluetooth/host/libsubsys__bluetooth__host.a(conn.c.obj)
                0x0000000000012a34                bt_conn_security_changed
 .text.bt_conn_cb_register
                0x0000000000012ab4       0x28 zephyr/subsys/bluetooth/host/libsubsys__bluetooth__host.a(conn.c.obj)
                0x0000000000012ab4                bt_conn_cb_register
 .text.bt_conn_add_le
                0x0000000000012adc       0x58 zephyr/subsys/bluetooth/host/libsubsys__bluetooth__host.a(conn.c.obj)
                0x0000000000012adc                bt_conn_add_le
 .text.bt_conn_lookup_addr_le
                0x0000000000012b34       0x34 zephyr/subsys/bluetooth/host/libsubsys__bluetooth__host.a(conn.c.obj)
                0x0000000000012b34                bt_conn_lookup_addr_le
 .text.bt_conn_exists_le
                0x0000000000012b68       0x70 zephyr/subsys/bluetooth/host/libsubsys__bluetooth__host.a(conn.c.obj)
                0x0000000000012b68                bt_conn_exists_le
 .text.bt_conn_lookup_state_le
                0x0000000000012bd8       0x44 zephyr/subsys/bluetooth/host/libsubsys__bluetooth__host.a(conn.c.obj)
                0x0000000000012bd8                bt_conn_lookup_state_le
 .text.send_conn_le_param_update
                0x0000000000012c1c       0x68 zephyr/subsys/bluetooth/host/libsubsys__bluetooth__host.a(conn.c.obj)
 .text.deferred_work
                0x0000000000012c84      0x128 zephyr/subsys/bluetooth/host/libsubsys__bluetooth__host.a(conn.c.obj)
 .text.bt_conn_auth_cb_register
                0x0000000000012dac       0x34 zephyr/subsys/bluetooth/host/libsubsys__bluetooth__host.a(conn.c.obj)
                0x0000000000012dac                bt_conn_auth_cb_register
 .text.bt_conn_auth_info_cb_register
                0x0000000000012de0       0x30 zephyr/subsys/bluetooth/host/libsubsys__bluetooth__host.a(conn.c.obj)
                0x0000000000012de0                bt_conn_auth_info_cb_register
 .text.bt_conn_lookup_index
                0x0000000000012e10       0x10 zephyr/subsys/bluetooth/host/libsubsys__bluetooth__host.a(conn.c.obj)
                0x0000000000012e10                bt_conn_lookup_index
 .text.bt_conn_init
                0x0000000000012e20       0x44 zephyr/subsys/bluetooth/host/libsubsys__bluetooth__host.a(conn.c.obj)
                0x0000000000012e20                bt_conn_init
 .text.l2cap_create_le_sig_pdu.part.0
                0x0000000000012e64       0x1c zephyr/subsys/bluetooth/host/libsubsys__bluetooth__host.a(l2cap.c.obj)
 .text.l2cap_accept.part.0
                0x0000000000012e80       0x30 zephyr/subsys/bluetooth/host/libsubsys__bluetooth__host.a(l2cap.c.obj)
 .text.l2cap_accept
                0x0000000000012eb0       0x1c zephyr/subsys/bluetooth/host/libsubsys__bluetooth__host.a(l2cap.c.obj)
 .text.lower_data_ready
                0x0000000000012ecc       0x74 zephyr/subsys/bluetooth/host/libsubsys__bluetooth__host.a(l2cap.c.obj)
 .text.bt_l2cap_connected
                0x0000000000012f40       0xc8 zephyr/subsys/bluetooth/host/libsubsys__bluetooth__host.a(l2cap.c.obj)
                0x0000000000012f40                bt_l2cap_connected
 .text.bt_l2cap_create_pdu_timeout
                0x0000000000013008       0x30 zephyr/subsys/bluetooth/host/libsubsys__bluetooth__host.a(l2cap.c.obj)
                0x0000000000013008                bt_l2cap_create_pdu_timeout
 .text.bt_l2cap_send_pdu
                0x0000000000013038       0x5c zephyr/subsys/bluetooth/host/libsubsys__bluetooth__host.a(l2cap.c.obj)
                0x0000000000013038                bt_l2cap_send_pdu
 .text.l2cap_data_pull
                0x0000000000013094      0x124 zephyr/subsys/bluetooth/host/libsubsys__bluetooth__host.a(l2cap.c.obj)
                0x0000000000013094                l2cap_data_pull
 .text.l2cap_recv.part.0
                0x00000000000131b8       0x9c zephyr/subsys/bluetooth/host/libsubsys__bluetooth__host.a(l2cap.c.obj)
 .text.l2cap_recv
                0x0000000000013254       0x24 zephyr/subsys/bluetooth/host/libsubsys__bluetooth__host.a(l2cap.c.obj)
 .text.bt_l2cap_recv
                0x0000000000013278       0x58 zephyr/subsys/bluetooth/host/libsubsys__bluetooth__host.a(l2cap.c.obj)
                0x0000000000013278                bt_l2cap_recv
 .text.bt_l2cap_update_conn_param
                0x00000000000132d0       0x50 zephyr/subsys/bluetooth/host/libsubsys__bluetooth__host.a(l2cap.c.obj)
                0x00000000000132d0                bt_l2cap_update_conn_param
 .text.att_op_get_type
                0x0000000000013320       0x74 zephyr/subsys/bluetooth/host/libsubsys__bluetooth__host.a(att.c.obj)
 .text.bt_att_released
                0x0000000000013394        0xc zephyr/subsys/bluetooth/host/libsubsys__bluetooth__host.a(att.c.obj)
 .text.bt_att_connected
                0x00000000000133a0       0x38 zephyr/subsys/bluetooth/host/libsubsys__bluetooth__host.a(att.c.obj)
 .text.read_group_cb
                0x00000000000133d8       0xb8 zephyr/subsys/bluetooth/host/libsubsys__bluetooth__host.a(att.c.obj)
 .text.bt_att_accept
                0x0000000000013490      0x120 zephyr/subsys/bluetooth/host/libsubsys__bluetooth__host.a(att.c.obj)
 .text.read_type_cb
                0x00000000000135b0       0xac zephyr/subsys/bluetooth/host/libsubsys__bluetooth__host.a(att.c.obj)
 .text.find_type_cb
                0x000000000001365c      0x164 zephyr/subsys/bluetooth/host/libsubsys__bluetooth__host.a(att.c.obj)
 .text.att_get  0x00000000000137c0       0x4c zephyr/subsys/bluetooth/host/libsubsys__bluetooth__host.a(att.c.obj)
 .text.bt_att_get_tx_meta_data
                0x000000000001380c       0x4c zephyr/subsys/bluetooth/host/libsubsys__bluetooth__host.a(att.c.obj)
                0x000000000001380c                bt_att_get_tx_meta_data
 .text.chan_send
                0x0000000000013858       0xe4 zephyr/subsys/bluetooth/host/libsubsys__bluetooth__host.a(att.c.obj)
 .text.bt_att_chan_req_send
                0x000000000001393c       0x84 zephyr/subsys/bluetooth/host/libsubsys__bluetooth__host.a(att.c.obj)
 .text.att_tx_destroy
                0x00000000000139c0      0x13c zephyr/subsys/bluetooth/host/libsubsys__bluetooth__host.a(att.c.obj)
 .text.bt_att_chan_create_pdu
                0x0000000000013afc       0xac zephyr/subsys/bluetooth/host/libsubsys__bluetooth__host.a(att.c.obj)
 .text.bt_att_recv
                0x0000000000013ba8       0xc8 zephyr/subsys/bluetooth/host/libsubsys__bluetooth__host.a(att.c.obj)
 .text.att_write_rsp.constprop.0
                0x0000000000013c70       0xc0 zephyr/subsys/bluetooth/host/libsubsys__bluetooth__host.a(att.c.obj)
 .text.bt_att_create_pdu
                0x0000000000013d30       0x64 zephyr/subsys/bluetooth/host/libsubsys__bluetooth__host.a(att.c.obj)
                0x0000000000013d30                bt_att_create_pdu
 .text.bt_att_create_rsp_pdu
                0x0000000000013d94       0x54 zephyr/subsys/bluetooth/host/libsubsys__bluetooth__host.a(att.c.obj)
                0x0000000000013d94                bt_att_create_rsp_pdu
 .text.att_read_group_req
                0x0000000000013de8       0xf0 zephyr/subsys/bluetooth/host/libsubsys__bluetooth__host.a(att.c.obj)
 .text.att_read_mult_vl_req
                0x0000000000013ed8       0x9c zephyr/subsys/bluetooth/host/libsubsys__bluetooth__host.a(att.c.obj)
 .text.att_read_mult_req
                0x0000000000013f74       0x9c zephyr/subsys/bluetooth/host/libsubsys__bluetooth__host.a(att.c.obj)
 .text.att_read_rsp
                0x0000000000014010       0x90 zephyr/subsys/bluetooth/host/libsubsys__bluetooth__host.a(att.c.obj)
 .text.att_read_type_req
                0x00000000000140a0      0x114 zephyr/subsys/bluetooth/host/libsubsys__bluetooth__host.a(att.c.obj)
 .text.att_find_type_req
                0x00000000000141b4       0xc0 zephyr/subsys/bluetooth/host/libsubsys__bluetooth__host.a(att.c.obj)
 .text.att_find_info_req
                0x0000000000014274       0x6c zephyr/subsys/bluetooth/host/libsubsys__bluetooth__host.a(att.c.obj)
 .text.bt_att_req_alloc
                0x00000000000142e0       0x50 zephyr/subsys/bluetooth/host/libsubsys__bluetooth__host.a(att.c.obj)
                0x00000000000142e0                bt_att_req_alloc
 .text.bt_att_req_free
                0x0000000000014330       0x20 zephyr/subsys/bluetooth/host/libsubsys__bluetooth__host.a(att.c.obj)
                0x0000000000014330                bt_att_req_free
 .text.att_handle_rsp
                0x0000000000014350       0x80 zephyr/subsys/bluetooth/host/libsubsys__bluetooth__host.a(att.c.obj)
 .text.bt_att_disconnected
                0x00000000000143d0       0xc0 zephyr/subsys/bluetooth/host/libsubsys__bluetooth__host.a(att.c.obj)
 .text.att_timeout
                0x0000000000014490       0xe4 zephyr/subsys/bluetooth/host/libsubsys__bluetooth__host.a(att.c.obj)
 .text.bt_att_send
                0x0000000000014574       0x9c zephyr/subsys/bluetooth/host/libsubsys__bluetooth__host.a(att.c.obj)
                0x0000000000014574                bt_att_send
 .text.bt_att_req_send
                0x0000000000014610       0x7c zephyr/subsys/bluetooth/host/libsubsys__bluetooth__host.a(att.c.obj)
                0x0000000000014610                bt_att_req_send
 .text.db_hash_update
                0x000000000001468c       0x24 zephyr/subsys/bluetooth/host/libsubsys__bluetooth__host.a(gatt.c.obj)
 .text.db_hash_set
                0x00000000000146b0       0x30 zephyr/subsys/bluetooth/host/libsubsys__bluetooth__host.a(gatt.c.obj)
 .text.find_cf_cfg_by_addr
                0x00000000000146e0       0x40 zephyr/subsys/bluetooth/host/libsubsys__bluetooth__host.a(gatt.c.obj)
 .text.gatt_delayed_store_find
                0x0000000000014720       0x44 zephyr/subsys/bluetooth/host/libsubsys__bluetooth__host.a(gatt.c.obj)
 .text.find_sc_cfg
                0x0000000000014764       0x40 zephyr/subsys/bluetooth/host/libsubsys__bluetooth__host.a(gatt.c.obj)
 .text.ccc_load
                0x00000000000147a4       0x8c zephyr/subsys/bluetooth/host/libsubsys__bluetooth__host.a(gatt.c.obj)
 .text.db_hash_store
                0x0000000000014830       0x2c zephyr/subsys/bluetooth/host/libsubsys__bluetooth__host.a(gatt.c.obj)
 .text.find_cf_cfg
                0x000000000001485c       0x5c zephyr/subsys/bluetooth/host/libsubsys__bluetooth__host.a(gatt.c.obj)
 .text.find_ccc_cfg
                0x00000000000148b8       0x28 zephyr/subsys/bluetooth/host/libsubsys__bluetooth__host.a(gatt.c.obj)
 .text.gatt_delayed_store_enqueue
                0x00000000000148e0       0xac zephyr/subsys/bluetooth/host/libsubsys__bluetooth__host.a(gatt.c.obj)
 .text.sc_store
                0x000000000001498c       0x30 zephyr/subsys/bluetooth/host/libsubsys__bluetooth__host.a(gatt.c.obj)
 .text.sc_save  0x00000000000149bc       0x78 zephyr/subsys/bluetooth/host/libsubsys__bluetooth__host.a(gatt.c.obj)
 .text.ccc_save.part.0
                0x0000000000014a34       0x18 zephyr/subsys/bluetooth/host/libsubsys__bluetooth__host.a(gatt.c.obj)
 .text.ccc_save
                0x0000000000014a4c       0x44 zephyr/subsys/bluetooth/host/libsubsys__bluetooth__host.a(gatt.c.obj)
 .text.bt_gatt_attr_read.part.0
                0x0000000000014a90       0x1c zephyr/subsys/bluetooth/host/libsubsys__bluetooth__host.a(gatt.c.obj)
 .text.ccc_set_direct.part.0
                0x0000000000014aac       0x1c zephyr/subsys/bluetooth/host/libsubsys__bluetooth__host.a(gatt.c.obj)
 .text.read_ppcp
                0x0000000000014ac8       0x28 zephyr/subsys/bluetooth/host/libsubsys__bluetooth__host.a(gatt.c.obj)
 .text.convert_to_id_on_match
                0x0000000000014af0       0x2c zephyr/subsys/bluetooth/host/libsubsys__bluetooth__host.a(gatt.c.obj)
 .text.remove_peer_from_attr
                0x0000000000014b1c       0x28 zephyr/subsys/bluetooth/host/libsubsys__bluetooth__host.a(gatt.c.obj)
 .text.sc_indicate.part.0
                0x0000000000014b44       0x10 zephyr/subsys/bluetooth/host/libsubsys__bluetooth__host.a(gatt.c.obj)
 .text.sc_commit
                0x0000000000014b54       0x2c zephyr/subsys/bluetooth/host/libsubsys__bluetooth__host.a(gatt.c.obj)
 .text.clear_cf_cfg
                0x0000000000014b80       0x28 zephyr/subsys/bluetooth/host/libsubsys__bluetooth__host.a(gatt.c.obj)
 .text.bt_gatt_clear_sc
                0x0000000000014ba8       0x38 zephyr/subsys/bluetooth/host/libsubsys__bluetooth__host.a(gatt.c.obj)
 .text.sc_clear
                0x0000000000014be0       0x44 zephyr/subsys/bluetooth/host/libsubsys__bluetooth__host.a(gatt.c.obj)
 .text.sc_set   0x0000000000014c24      0x108 zephyr/subsys/bluetooth/host/libsubsys__bluetooth__host.a(gatt.c.obj)
 .text.disconnected_cb
                0x0000000000014d2c       0xa0 zephyr/subsys/bluetooth/host/libsubsys__bluetooth__host.a(gatt.c.obj)
 .text.bt_gatt_attr_write_ccc
                0x0000000000014dcc       0xcc zephyr/subsys/bluetooth/host/libsubsys__bluetooth__host.a(gatt.c.obj)
                0x0000000000014dcc                bt_gatt_attr_write_ccc
 .text.sc_indicate.constprop.0
                0x0000000000014e98       0x58 zephyr/subsys/bluetooth/host/libsubsys__bluetooth__host.a(gatt.c.obj)
 .text.cf_write
                0x0000000000014ef0       0x98 zephyr/subsys/bluetooth/host/libsubsys__bluetooth__host.a(gatt.c.obj)
 .text.sc_indicate_rsp
                0x0000000000014f88       0x4c zephyr/subsys/bluetooth/host/libsubsys__bluetooth__host.a(gatt.c.obj)
 .text.cf_set   0x0000000000014fd4      0x140 zephyr/subsys/bluetooth/host/libsubsys__bluetooth__host.a(gatt.c.obj)
 .text.bt_gatt_store_cf.isra.0
                0x0000000000015114       0x4c zephyr/subsys/bluetooth/host/libsubsys__bluetooth__host.a(gatt.c.obj)
 .text.set_all_change_unaware
                0x0000000000015160       0x58 zephyr/subsys/bluetooth/host/libsubsys__bluetooth__host.a(gatt.c.obj)
 .text.bt_gatt_init
                0x00000000000151b8       0xdc zephyr/subsys/bluetooth/host/libsubsys__bluetooth__host.a(gatt.c.obj)
                0x00000000000151b8                bt_gatt_init
 .text.bt_gatt_attr_get_handle
                0x0000000000015294       0x90 zephyr/subsys/bluetooth/host/libsubsys__bluetooth__host.a(gatt.c.obj)
                0x0000000000015294                bt_gatt_attr_get_handle
 .text.bt_gatt_foreach_attr_type
                0x0000000000015324       0xe0 zephyr/subsys/bluetooth/host/libsubsys__bluetooth__host.a(gatt.c.obj)
                0x0000000000015324                bt_gatt_foreach_attr_type
 .text.db_hash_gen
                0x0000000000015404       0xc4 zephyr/subsys/bluetooth/host/libsubsys__bluetooth__host.a(gatt.c.obj)
 .text.db_hash_read
                0x00000000000154c8       0x74 zephyr/subsys/bluetooth/host/libsubsys__bluetooth__host.a(gatt.c.obj)
 .text.do_db_hash
                0x000000000001553c       0x78 zephyr/subsys/bluetooth/host/libsubsys__bluetooth__host.a(gatt.c.obj)
 .text.db_hash_commit
                0x00000000000155b4       0x18 zephyr/subsys/bluetooth/host/libsubsys__bluetooth__host.a(gatt.c.obj)
 .text.ccc_set_direct
                0x00000000000155cc      0x10c zephyr/subsys/bluetooth/host/libsubsys__bluetooth__host.a(gatt.c.obj)
 .text.bt_gatt_attr_next
                0x00000000000156d8       0x24 zephyr/subsys/bluetooth/host/libsubsys__bluetooth__host.a(gatt.c.obj)
                0x00000000000156d8                bt_gatt_attr_next
 .text.bt_gatt_is_subscribed
                0x00000000000156fc      0x208 zephyr/subsys/bluetooth/host/libsubsys__bluetooth__host.a(gatt.c.obj)
                0x00000000000156fc                bt_gatt_is_subscribed
 .text.gatt_indicate
                0x0000000000015904       0xd8 zephyr/subsys/bluetooth/host/libsubsys__bluetooth__host.a(gatt.c.obj)
 .text.bt_gatt_indicate
                0x00000000000159dc      0x144 zephyr/subsys/bluetooth/host/libsubsys__bluetooth__host.a(gatt.c.obj)
                0x00000000000159dc                bt_gatt_indicate
 .text.sc_process
                0x0000000000015b20       0x98 zephyr/subsys/bluetooth/host/libsubsys__bluetooth__host.a(gatt.c.obj)
 .text.update_ccc
                0x0000000000015bb8      0x120 zephyr/subsys/bluetooth/host/libsubsys__bluetooth__host.a(gatt.c.obj)
 .text.gatt_notify
                0x0000000000015cd8       0x9c zephyr/subsys/bluetooth/host/libsubsys__bluetooth__host.a(gatt.c.obj)
 .text.bt_gatt_notify_cb
                0x0000000000015d74      0x13c zephyr/subsys/bluetooth/host/libsubsys__bluetooth__host.a(gatt.c.obj)
                0x0000000000015d74                bt_gatt_notify_cb
 .text.notify_cb
                0x0000000000015eb0      0x12c zephyr/subsys/bluetooth/host/libsubsys__bluetooth__host.a(gatt.c.obj)
 .text.bt_gatt_connected
                0x0000000000015fdc       0x90 zephyr/subsys/bluetooth/host/libsubsys__bluetooth__host.a(gatt.c.obj)
                0x0000000000015fdc                bt_gatt_connected
 .text.bt_gatt_att_max_mtu_changed
                0x000000000001606c       0x28 zephyr/subsys/bluetooth/host/libsubsys__bluetooth__host.a(gatt.c.obj)
                0x000000000001606c                bt_gatt_att_max_mtu_changed
 .text.bt_gatt_encrypt_change
                0x0000000000016094       0x30 zephyr/subsys/bluetooth/host/libsubsys__bluetooth__host.a(gatt.c.obj)
                0x0000000000016094                bt_gatt_encrypt_change
 .text.bt_gatt_store_ccc
                0x00000000000160c4       0x58 zephyr/subsys/bluetooth/host/libsubsys__bluetooth__host.a(gatt.c.obj)
                0x00000000000160c4                bt_gatt_store_ccc
 .text.bt_gatt_identity_resolved
                0x000000000001611c       0x5c zephyr/subsys/bluetooth/host/libsubsys__bluetooth__host.a(gatt.c.obj)
 .text.bt_gatt_disconnected
                0x0000000000016178       0x78 zephyr/subsys/bluetooth/host/libsubsys__bluetooth__host.a(gatt.c.obj)
                0x0000000000016178                bt_gatt_disconnected
 .text.smp_find
                0x00000000000161f0       0x1c zephyr/subsys/bluetooth/host/libsubsys__bluetooth__host.a(smp.c.obj)
 .text.latch_auth_cb
                0x000000000001620c       0x2c zephyr/subsys/bluetooth/host/libsubsys__bluetooth__host.a(smp.c.obj)
 .text.get_io_capa
                0x0000000000016238       0x4c zephyr/subsys/bluetooth/host/libsubsys__bluetooth__host.a(smp.c.obj)
 .text.smp_chan_get.part.0
                0x0000000000016284       0x18 zephyr/subsys/bluetooth/host/libsubsys__bluetooth__host.a(smp.c.obj)
 .text.bt_smp_pkey_ready.part.0
                0x000000000001629c       0x14 zephyr/subsys/bluetooth/host/libsubsys__bluetooth__host.a(smp.c.obj)
 .text.smp_send.constprop.0
                0x00000000000162b0       0x44 zephyr/subsys/bluetooth/host/libsubsys__bluetooth__host.a(smp.c.obj)
 .text.smp_dhkey_generate
                0x00000000000162f4       0x3c zephyr/subsys/bluetooth/host/libsubsys__bluetooth__host.a(smp.c.obj)
 .text.smp_init
                0x0000000000016330       0x38 zephyr/subsys/bluetooth/host/libsubsys__bluetooth__host.a(smp.c.obj)
 .text.smp_pairing_random
                0x0000000000016368      0x17c zephyr/subsys/bluetooth/host/libsubsys__bluetooth__host.a(smp.c.obj)
 .text.compute_and_check_and_send_periph_dhcheck
                0x00000000000164e4      0x184 zephyr/subsys/bluetooth/host/libsubsys__bluetooth__host.a(smp.c.obj)
 .text.smp_send_pairing_confirm
                0x0000000000016668       0x8c zephyr/subsys/bluetooth/host/libsubsys__bluetooth__host.a(smp.c.obj)
 .text.smp_pairing_confirm
                0x00000000000166f4       0x70 zephyr/subsys/bluetooth/host/libsubsys__bluetooth__host.a(smp.c.obj)
 .text.smp_public_key_periph
                0x0000000000016764      0x158 zephyr/subsys/bluetooth/host/libsubsys__bluetooth__host.a(smp.c.obj)
 .text.smp_public_key
                0x00000000000168bc       0xc4 zephyr/subsys/bluetooth/host/libsubsys__bluetooth__host.a(smp.c.obj)
 .text.bt_smp_connected
                0x0000000000016980       0x44 zephyr/subsys/bluetooth/host/libsubsys__bluetooth__host.a(smp.c.obj)
 .text.bt_smp_accept.part.0
                0x00000000000169c4       0x30 zephyr/subsys/bluetooth/host/libsubsys__bluetooth__host.a(smp.c.obj)
 .text.bt_smp_accept
                0x00000000000169f4       0x20 zephyr/subsys/bluetooth/host/libsubsys__bluetooth__host.a(smp.c.obj)
 .text.smp_ident_info
                0x0000000000016a14       0x8c zephyr/subsys/bluetooth/host/libsubsys__bluetooth__host.a(smp.c.obj)
 .text.get_auth
                0x0000000000016aa0       0x58 zephyr/subsys/bluetooth/host/libsubsys__bluetooth__host.a(smp.c.obj)
 .text.smp_pairing_req
                0x0000000000016af8      0x1dc zephyr/subsys/bluetooth/host/libsubsys__bluetooth__host.a(smp.c.obj)
 .text.bt_smp_start_security
                0x0000000000016cd4      0x188 zephyr/subsys/bluetooth/host/libsubsys__bluetooth__host.a(smp.c.obj)
                0x0000000000016cd4                bt_smp_start_security
 .text.smp_pairing_complete
                0x0000000000016e5c      0x12c zephyr/subsys/bluetooth/host/libsubsys__bluetooth__host.a(smp.c.obj)
 .text.smp_error
                0x0000000000016f88       0xa4 zephyr/subsys/bluetooth/host/libsubsys__bluetooth__host.a(smp.c.obj)
 .text.bt_smp_pkey_ready
                0x000000000001702c       0x98 zephyr/subsys/bluetooth/host/libsubsys__bluetooth__host.a(smp.c.obj)
 .text.bt_smp_auth_cancel
                0x00000000000170c4       0x5c zephyr/subsys/bluetooth/host/libsubsys__bluetooth__host.a(smp.c.obj)
                0x00000000000170c4                bt_smp_auth_cancel
 .text.bt_smp_recv
                0x0000000000017120       0xe4 zephyr/subsys/bluetooth/host/libsubsys__bluetooth__host.a(smp.c.obj)
 .text.smp_ident_addr_info
                0x0000000000017204      0x218 zephyr/subsys/bluetooth/host/libsubsys__bluetooth__host.a(smp.c.obj)
 .text.smp_pairing_failed
                0x000000000001741c       0x60 zephyr/subsys/bluetooth/host/libsubsys__bluetooth__host.a(smp.c.obj)
 .text.bt_smp_encrypt_change
                0x000000000001747c      0x128 zephyr/subsys/bluetooth/host/libsubsys__bluetooth__host.a(smp.c.obj)
 .text.smp_timeout
                0x00000000000175a4       0x30 zephyr/subsys/bluetooth/host/libsubsys__bluetooth__host.a(smp.c.obj)
 .text.bt_smp_update_keys
                0x00000000000175d4      0x140 zephyr/subsys/bluetooth/host/libsubsys__bluetooth__host.a(smp.c.obj)
                0x00000000000175d4                bt_smp_update_keys
 .text.bt_smp_init
                0x0000000000017714       0x1c zephyr/subsys/bluetooth/host/libsubsys__bluetooth__host.a(smp.c.obj)
                0x0000000000017714                bt_smp_init
 .text.id_add   0x0000000000017730       0x30 zephyr/subsys/bluetooth/host/libsubsys__bluetooth__host.a(keys.c.obj)
 .text.bt_keys_get_addr.part.0
                0x0000000000017760       0x5c zephyr/subsys/bluetooth/host/libsubsys__bluetooth__host.a(keys.c.obj)
 .text.bt_keys_get_addr
                0x00000000000177bc       0x2c zephyr/subsys/bluetooth/host/libsubsys__bluetooth__host.a(keys.c.obj)
                0x00000000000177bc                bt_keys_get_addr
 .text.bt_keys_foreach_type
                0x00000000000177e8       0x40 zephyr/subsys/bluetooth/host/libsubsys__bluetooth__host.a(keys.c.obj)
                0x00000000000177e8                bt_keys_foreach_type
 .text.keys_commit
                0x0000000000017828       0x14 zephyr/subsys/bluetooth/host/libsubsys__bluetooth__host.a(keys.c.obj)
 .text.bt_keys_find
                0x000000000001783c       0x58 zephyr/subsys/bluetooth/host/libsubsys__bluetooth__host.a(keys.c.obj)
                0x000000000001783c                bt_keys_find
 .text.bt_keys_find_irk
                0x0000000000017894       0xa4 zephyr/subsys/bluetooth/host/libsubsys__bluetooth__host.a(keys.c.obj)
                0x0000000000017894                bt_keys_find_irk
 .text.bt_keys_find_addr
                0x0000000000017938       0x4c zephyr/subsys/bluetooth/host/libsubsys__bluetooth__host.a(keys.c.obj)
                0x0000000000017938                bt_keys_find_addr
 .text.bt_keys_add_type
                0x0000000000017984       0x30 zephyr/subsys/bluetooth/host/libsubsys__bluetooth__host.a(keys.c.obj)
                0x0000000000017984                bt_keys_add_type
 .text.bt_keys_get_type
                0x00000000000179b4       0x48 zephyr/subsys/bluetooth/host/libsubsys__bluetooth__host.a(keys.c.obj)
                0x00000000000179b4                bt_keys_get_type
 .text.bt_keys_clear
                0x00000000000179fc       0x4c zephyr/subsys/bluetooth/host/libsubsys__bluetooth__host.a(keys.c.obj)
                0x00000000000179fc                bt_keys_clear
 .text.keys_set
                0x0000000000017a48      0x178 zephyr/subsys/bluetooth/host/libsubsys__bluetooth__host.a(keys.c.obj)
 .text.bt_keys_store
                0x0000000000017bc0       0x54 zephyr/subsys/bluetooth/host/libsubsys__bluetooth__host.a(keys.c.obj)
                0x0000000000017bc0                bt_keys_store
 .text.sys_memcpy_swap
                0x0000000000017c14       0x58 zephyr/subsys/bluetooth/crypto/libsubsys__bluetooth__crypto.a(bt_crypto.c.obj)
 .text.bt_crypto_f5
                0x0000000000017c6c       0xd0 zephyr/subsys/bluetooth/crypto/libsubsys__bluetooth__crypto.a(bt_crypto.c.obj)
                0x0000000000017c6c                bt_crypto_f5
 .text.bt_crypto_g2
                0x0000000000017d3c       0x5c zephyr/subsys/bluetooth/crypto/libsubsys__bluetooth__crypto.a(bt_crypto.c.obj)
                0x0000000000017d3c                bt_crypto_g2
 .text.bt_crypto_aes_cmac
                0x0000000000017d98       0x90 zephyr/subsys/bluetooth/crypto/libsubsys__bluetooth__crypto.a(bt_crypto_psa.c.obj)
                0x0000000000017d98                bt_crypto_aes_cmac
 .text.bt_ipc_send
                0x0000000000017e28       0x7c zephyr/drivers/bluetooth/libdrivers__bluetooth.a(ipc.c.obj)
 .text.hci_ept_recv
                0x0000000000017ea4      0x1f0 zephyr/drivers/bluetooth/libdrivers__bluetooth.a(ipc.c.obj)
 .text.bt_ipc_open
                0x0000000000018094       0x7c zephyr/drivers/bluetooth/libdrivers__bluetooth.a(ipc.c.obj)
 .text.bt_ipc_close
                0x0000000000018110       0x50 zephyr/drivers/bluetooth/libdrivers__bluetooth.a(ipc.c.obj)
 .text.onoff_start
                0x0000000000018160       0x3c zephyr/drivers/clock_control/libdrivers__clock_control.a(clock_control_nrf.c.obj)
 .text.get_status
                0x000000000001819c       0x3c zephyr/drivers/clock_control/libdrivers__clock_control.a(clock_control_nrf.c.obj)
 .text.stop     0x00000000000181d8       0x7c zephyr/drivers/clock_control/libdrivers__clock_control.a(clock_control_nrf.c.obj)
 .text.onoff_stop
                0x0000000000018254       0x28 zephyr/drivers/clock_control/libdrivers__clock_control.a(clock_control_nrf.c.obj)
 .text.clk_init
                0x000000000001827c       0x64 zephyr/drivers/clock_control/libdrivers__clock_control.a(clock_control_nrf.c.obj)
 .text.api_blocking_start
                0x00000000000182e0       0x3c zephyr/drivers/clock_control/libdrivers__clock_control.a(clock_control_nrf.c.obj)
 .text.generic_hfclk_stop
                0x000000000001831c       0x34 zephyr/drivers/clock_control/libdrivers__clock_control.a(clock_control_nrf.c.obj)
 .text.clkstarted_handle.constprop.0
                0x0000000000018350       0x54 zephyr/drivers/clock_control/libdrivers__clock_control.a(clock_control_nrf.c.obj)
 .text.clock_event_handler
                0x00000000000183a4       0x74 zephyr/drivers/clock_control/libdrivers__clock_control.a(clock_control_nrf.c.obj)
 .text.generic_hfclk_start
                0x0000000000018418       0x80 zephyr/drivers/clock_control/libdrivers__clock_control.a(clock_control_nrf.c.obj)
 .text.z_nrf_clock_control_lf_on
                0x0000000000018498      0x138 zephyr/drivers/clock_control/libdrivers__clock_control.a(clock_control_nrf.c.obj)
                0x0000000000018498                z_nrf_clock_control_lf_on
 .text.uart_console_init
                0x00000000000185d0       0x28 zephyr/drivers/console/libdrivers__console.a(uart_console.c.obj)
 .text.console_out
                0x00000000000185f8       0x28 zephyr/drivers/console/libdrivers__console.a(uart_console.c.obj)
 .text.qspi_nor_pages_layout
                0x0000000000018620       0x10 zephyr/drivers/flash/libdrivers__flash.a(nrf_qspi_nor.c.obj)
 .text.qspi_flash_get_parameters
                0x0000000000018630        0x8 zephyr/drivers/flash/libdrivers__flash.a(nrf_qspi_nor.c.obj)
 .text.qspi_clock_div_restore
                0x0000000000018638       0x34 zephyr/drivers/flash/libdrivers__flash.a(nrf_qspi_nor.c.obj)
 .text.nrf_qspi_pins_set.constprop.0
                0x000000000001866c       0x5c zephyr/drivers/flash/libdrivers__flash.a(nrf_qspi_nor.c.obj)
 .text.qspi_wait_for_completion.isra.0